../Core/Src/main.c:63:6:TIM10_reinit	8	static
../Core/Src/main.c:72:6:init_timing	8	static
../Core/Src/main.c:80:10:get_tim10_us	16	static
../Core/Src/main.c:88:6:udelay_TIM10	24	static
../Core/Src/main.c:98:6:HAL_TIM_PeriodElapsedCallback	16	static
../Core/Src/main.c:114:10:get_us	8	static
../Core/Src/main.c:121:6:udelay	16	static
../Core/Src/main.c:146:6:HAL_GPIO_EXTI_Callback	16	static
../Core/Src/main.c:175:5:main	112	static
../Core/Src/main.c:289:6:SystemClock_Config	88	static
../Core/Src/main.c:338:6:Error_Handler	4	static,ignoring_inline_asm
