Archive member included to satisfy reference by file (symbol)

/Applications/STM32CubeIDE.app/Contents/Eclipse/plugins/com.st.stm32cube.ide.mcu.externaltools.gnu-tools-for-stm32.11.3.rel1.macos64_1.1.1.202309131626/tools/bin/../lib/gcc/arm-none-eabi/11.3.1/../../../../arm-none-eabi/lib/thumb/v7e-m+fp/hard/libc_nano.a(libc_a-exit.o)
                              /Applications/STM32CubeIDE.app/Contents/Eclipse/plugins/com.st.stm32cube.ide.mcu.externaltools.gnu-tools-for-stm32.11.3.rel1.macos64_1.1.1.202309131626/tools/bin/../lib/gcc/arm-none-eabi/11.3.1/../../../../arm-none-eabi/lib/thumb/v7e-m+fp/hard/crt0.o (exit)
/Applications/STM32CubeIDE.app/Contents/Eclipse/plugins/com.st.stm32cube.ide.mcu.externaltools.gnu-tools-for-stm32.11.3.rel1.macos64_1.1.1.202309131626/tools/bin/../lib/gcc/arm-none-eabi/11.3.1/../../../../arm-none-eabi/lib/thumb/v7e-m+fp/hard/libc_nano.a(libc_a-itoa.o)
                              ./Core/Src/lcd5110.o (itoa)
/Applications/STM32CubeIDE.app/Contents/Eclipse/plugins/com.st.stm32cube.ide.mcu.externaltools.gnu-tools-for-stm32.11.3.rel1.macos64_1.1.1.202309131626/tools/bin/../lib/gcc/arm-none-eabi/11.3.1/../../../../arm-none-eabi/lib/thumb/v7e-m+fp/hard/libc_nano.a(libc_a-sprintf.o)
                              ./Core/Src/main.o (sprintf)
/Applications/STM32CubeIDE.app/Contents/Eclipse/plugins/com.st.stm32cube.ide.mcu.externaltools.gnu-tools-for-stm32.11.3.rel1.macos64_1.1.1.202309131626/tools/bin/../lib/gcc/arm-none-eabi/11.3.1/../../../../arm-none-eabi/lib/thumb/v7e-m+fp/hard/libc_nano.a(libc_a-findfp.o)
                              /Applications/STM32CubeIDE.app/Contents/Eclipse/plugins/com.st.stm32cube.ide.mcu.externaltools.gnu-tools-for-stm32.11.3.rel1.macos64_1.1.1.202309131626/tools/bin/../lib/gcc/arm-none-eabi/11.3.1/../../../../arm-none-eabi/lib/thumb/v7e-m+fp/hard/libc_nano.a(libc_a-exit.o) (__stdio_exit_handler)
/Applications/STM32CubeIDE.app/Contents/Eclipse/plugins/com.st.stm32cube.ide.mcu.externaltools.gnu-tools-for-stm32.11.3.rel1.macos64_1.1.1.202309131626/tools/bin/../lib/gcc/arm-none-eabi/11.3.1/../../../../arm-none-eabi/lib/thumb/v7e-m+fp/hard/libc_nano.a(libc_a-utoa.o)
                              /Applications/STM32CubeIDE.app/Contents/Eclipse/plugins/com.st.stm32cube.ide.mcu.externaltools.gnu-tools-for-stm32.11.3.rel1.macos64_1.1.1.202309131626/tools/bin/../lib/gcc/arm-none-eabi/11.3.1/../../../../arm-none-eabi/lib/thumb/v7e-m+fp/hard/libc_nano.a(libc_a-itoa.o) (__utoa)
/Applications/STM32CubeIDE.app/Contents/Eclipse/plugins/com.st.stm32cube.ide.mcu.externaltools.gnu-tools-for-stm32.11.3.rel1.macos64_1.1.1.202309131626/tools/bin/../lib/gcc/arm-none-eabi/11.3.1/../../../../arm-none-eabi/lib/thumb/v7e-m+fp/hard/libc_nano.a(libc_a-fwalk.o)
                              /Applications/STM32CubeIDE.app/Contents/Eclipse/plugins/com.st.stm32cube.ide.mcu.externaltools.gnu-tools-for-stm32.11.3.rel1.macos64_1.1.1.202309131626/tools/bin/../lib/gcc/arm-none-eabi/11.3.1/../../../../arm-none-eabi/lib/thumb/v7e-m+fp/hard/libc_nano.a(libc_a-findfp.o) (_fwalk_sglue)
/Applications/STM32CubeIDE.app/Contents/Eclipse/plugins/com.st.stm32cube.ide.mcu.externaltools.gnu-tools-for-stm32.11.3.rel1.macos64_1.1.1.202309131626/tools/bin/../lib/gcc/arm-none-eabi/11.3.1/../../../../arm-none-eabi/lib/thumb/v7e-m+fp/hard/libc_nano.a(libc_a-vsnprintf.o)
                              ./Core/Src/lcd5110.o (vsnprintf)
/Applications/STM32CubeIDE.app/Contents/Eclipse/plugins/com.st.stm32cube.ide.mcu.externaltools.gnu-tools-for-stm32.11.3.rel1.macos64_1.1.1.202309131626/tools/bin/../lib/gcc/arm-none-eabi/11.3.1/../../../../arm-none-eabi/lib/thumb/v7e-m+fp/hard/libc_nano.a(libc_a-memset.o)
                              /Applications/STM32CubeIDE.app/Contents/Eclipse/plugins/com.st.stm32cube.ide.mcu.externaltools.gnu-tools-for-stm32.11.3.rel1.macos64_1.1.1.202309131626/tools/bin/../lib/gcc/arm-none-eabi/11.3.1/../../../../arm-none-eabi/lib/thumb/v7e-m+fp/hard/crt0.o (memset)
/Applications/STM32CubeIDE.app/Contents/Eclipse/plugins/com.st.stm32cube.ide.mcu.externaltools.gnu-tools-for-stm32.11.3.rel1.macos64_1.1.1.202309131626/tools/bin/../lib/gcc/arm-none-eabi/11.3.1/../../../../arm-none-eabi/lib/thumb/v7e-m+fp/hard/libc_nano.a(libc_a-impure.o)
                              /Applications/STM32CubeIDE.app/Contents/Eclipse/plugins/com.st.stm32cube.ide.mcu.externaltools.gnu-tools-for-stm32.11.3.rel1.macos64_1.1.1.202309131626/tools/bin/../lib/gcc/arm-none-eabi/11.3.1/../../../../arm-none-eabi/lib/thumb/v7e-m+fp/hard/libc_nano.a(libc_a-sprintf.o) (_impure_ptr)
/Applications/STM32CubeIDE.app/Contents/Eclipse/plugins/com.st.stm32cube.ide.mcu.externaltools.gnu-tools-for-stm32.11.3.rel1.macos64_1.1.1.202309131626/tools/bin/../lib/gcc/arm-none-eabi/11.3.1/../../../../arm-none-eabi/lib/thumb/v7e-m+fp/hard/libc_nano.a(libc_a-errno.o)
                              ./Core/Src/syscalls.o (__errno)
[...]
Memory Configuration

Name             Origin             Length             Attributes
RAM              0x0000000020000000 0x0000000000020000 xrw
FLASH            0x0000000008000000 0x0000000000080000 xr
*default*        0x0000000000000000 0xffffffffffffffff

Linker script and memory map

LOAD /Applications/STM32CubeIDE.app/Contents/Eclipse/plugins/com.st.stm32cube.ide.mcu.externaltools.gnu-tools-for-stm32.11.3.rel1.macos64_1.1.1.202309131626/tools/bin/../lib/gcc/arm-none-eabi/11.3.1/thumb/v7e-m+fp/hard/crti.o
LOAD /Applications/STM32CubeIDE.app/Contents/Eclipse/plugins/com.st.stm32cube.ide.mcu.externaltools.gnu-tools-for-stm32.11.3.rel1.macos64_1.1.1.202309131626/tools/bin/../lib/gcc/arm-none-eabi/11.3.1/thumb/v7e-m+fp/hard/crtbegin.o
LOAD /Applications/STM32CubeIDE.app/Contents/Eclipse/plugins/com.st.stm32cube.ide.mcu.externaltools.gnu-tools-for-stm32.11.3.rel1.macos64_1.1.1.202309131626/tools/bin/../lib/gcc/arm-none-eabi/11.3.1/../../../../arm-none-eabi/lib/thumb/v7e-m+fp/hard/crt0.o
LOAD ./Core/Src/gpio.o
LOAD ./Core/Src/lcd5110.o
LOAD ./Core/Src/lcd5110_hal.o
LOAD ./Core/Src/lcd5110_ll.o
LOAD ./Core/Src/main.o
LOAD ./Core/Src/spi.o
LOAD ./Core/Src/stm32f4xx_hal_msp.o
LOAD ./Core/Src/stm32f4xx_it.o
LOAD ./Core/Src/syscalls.o
LOAD ./Core/Src/sysmem.o
LOAD ./Core/Src/system_stm32f4xx.o
LOAD ./Core/Src/tim.o
LOAD ./Core/Startup/startup_stm32f411vetx.o
LOAD ./Drivers/STM32F4xx_HAL_Driver/Src/stm32f4xx_hal.o
LOAD ./Drivers/STM32F4xx_HAL_Driver/Src/stm32f4xx_hal_cortex.o
LOAD ./Drivers/STM32F4xx_HAL_Driver/Src/stm32f4xx_hal_dma.o
LOAD ./Drivers/STM32F4xx_HAL_Driver/Src/stm32f4xx_hal_dma_ex.o
LOAD ./Drivers/STM32F4xx_HAL_Driver/Src/stm32f4xx_hal_exti.o
LOAD ./Drivers/STM32F4xx_HAL_Driver/Src/stm32f4xx_hal_flash.o
LOAD ./Drivers/STM32F4xx_HAL_Driver/Src/stm32f4xx_hal_flash_ex.o
LOAD ./Drivers/STM32F4xx_HAL_Driver/Src/stm32f4xx_hal_flash_ramfunc.o
LOAD ./Drivers/STM32F4xx_HAL_Driver/Src/stm32f4xx_hal_gpio.o
LOAD ./Drivers/STM32F4xx_HAL_Driver/Src/stm32f4xx_hal_pwr.o
LOAD ./Drivers/STM32F4xx_HAL_Driver/Src/stm32f4xx_hal_pwr_ex.o
LOAD ./Drivers/STM32F4xx_HAL_Driver/Src/stm32f4xx_hal_rcc.o
LOAD ./Drivers/STM32F4xx_HAL_Driver/Src/stm32f4xx_hal_rcc_ex.o
LOAD ./Drivers/STM32F4xx_HAL_Driver/Src/stm32f4xx_hal_spi.o
LOAD ./Drivers/STM32F4xx_HAL_Driver/Src/stm32f4xx_hal_tim.o
LOAD ./Drivers/STM32F4xx_HAL_Driver/Src/stm32f4xx_hal_tim_ex.o
START GROUP
LOAD /Applications/STM32CubeIDE.app/Contents/Eclipse/plugins/com.st.stm32cube.ide.mcu.externaltools.gnu-tools-for-stm32.11.3.rel1.macos64_1.1.1.202309131626/tools/bin/../lib/gcc/arm-none-eabi/11.3.1/../../../../arm-none-eabi/lib/thumb/v7e-m+fp/hard/libc_nano.a
LOAD /Applications/STM32CubeIDE.app/Contents/Eclipse/plugins/com.st.stm32cube.ide.mcu.externaltools.gnu-tools-for-stm32.11.3.rel1.macos64_1.1.1.202309131626/tools/bin/../lib/gcc/arm-none-eabi/11.3.1/../../../../arm-none-eabi/lib/thumb/v7e-m+fp/hard/libm.a
END GROUP
START GROUP
LOAD /Applications/STM32CubeIDE.app/Contents/Eclipse/plugins/com.st.stm32cube.ide.mcu.externaltools.gnu-tools-for-stm32.11.3.rel1.macos64_1.1.1.202309131626/tools/bin/../lib/gcc/arm-none-eabi/11.3.1/thumb/v7e-m+fp/hard/libgcc.a
LOAD /Applications/STM32CubeIDE.app/Contents/Eclipse/plugins/com.st.stm32cube.ide.mcu.externaltools.gnu-tools-for-stm32.11.3.rel1.macos64_1.1.1.202309131626/tools/bin/../lib/gcc/arm-none-eabi/11.3.1/../../../../arm-none-eabi/lib/thumb/v7e-m+fp/hard/libc_nano.a
END GROUP
START GROUP
LOAD /Applications/STM32CubeIDE.app/Contents/Eclipse/plugins/com.st.stm32cube.ide.mcu.externaltools.gnu-tools-for-stm32.11.3.rel1.macos64_1.1.1.202309131626/tools/bin/../lib/gcc/arm-none-eabi/11.3.1/thumb/v7e-m+fp/hard/libgcc.a
LOAD /Applications/STM32CubeIDE.app/Contents/Eclipse/plugins/com.st.stm32cube.ide.mcu.externaltools.gnu-tools-for-stm32.11.3.rel1.macos64_1.1.1.202309131626/tools/bin/../lib/gcc/arm-none-eabi/11.3.1/../../../../arm-none-eabi/lib/thumb/v7e-m+fp/hard/libc_nano.a
LOAD /Applications/STM32CubeIDE.app/Contents/Eclipse/plugins/com.st.stm32cube.ide.mcu.externaltools.gnu-tools-for-stm32.11.3.rel1.macos64_1.1.1.202309131626/tools/bin/../lib/gcc/arm-none-eabi/11.3.1/../../../../arm-none-eabi/lib/thumb/v7e-m+fp/hard/libnosys.a
END GROUP
START GROUP
LOAD /Applications/STM32CubeIDE.app/Contents/Eclipse/plugins/com.st.stm32cube.ide.mcu.externaltools.gnu-tools-for-stm32.11.3.rel1.macos64_1.1.1.202309131626/tools/bin/../lib/gcc/arm-none-eabi/11.3.1/thumb/v7e-m+fp/hard/libgcc.a
LOAD /Applications/STM32CubeIDE.app/Contents/Eclipse/plugins/com.st.stm32cube.ide.mcu.externaltools.gnu-tools-for-stm32.11.3.rel1.macos64_1.1.1.202309131626/tools/bin/../lib/gcc/arm-none-eabi/11.3.1/../../../../arm-none-eabi/lib/thumb/v7e-m+fp/hard/libc_nano.a
LOAD /Applications/STM32CubeIDE.app/Contents/Eclipse/plugins/com.st.stm32cube.ide.mcu.externaltools.gnu-tools-for-stm32.11.3.rel1.macos64_1.1.1.202309131626/tools/bin/../lib/gcc/arm-none-eabi/11.3.1/../../../../arm-none-eabi/lib/thumb/v7e-m+fp/hard/libnosys.a
END GROUP
LOAD /Applications/STM32CubeIDE.app/Contents/Eclipse/plugins/com.st.stm32cube.ide.mcu.externaltools.gnu-tools-for-stm32.11.3.rel1.macos64_1.1.1.202309131626/tools/bin/../lib/gcc/arm-none-eabi/11.3.1/thumb/v7e-m+fp/hard/crtend.o
LOAD /Applications/STM32CubeIDE.app/Contents/Eclipse/plugins/com.st.stm32cube.ide.mcu.externaltools.gnu-tools-for-stm32.11.3.rel1.macos64_1.1.1.202309131626/tools/bin/../lib/gcc/arm-none-eabi/11.3.1/thumb/v7e-m+fp/hard/crtn.o
                0x0000000020020000                _estack = (ORIGIN (RAM) + LENGTH (RAM))
                0x0000000000000200                _Min_Heap_Size = 0x200
                0x0000000000000400                _Min_Stack_Size = 0x400

.isr_vector     0x0000000008000000      0x198
                0x0000000008000000                . = ALIGN (0x4)
 *(.isr_vector)
 .isr_vector    0x0000000008000000      0x198 ./Core/Startup/startup_stm32f411vetx.o
                0x0000000008000000                g_pfnVectors
                0x0000000008000198                . = ALIGN (0x4)

.text           0x00000000080001a0     0x39a8
                0x00000000080001a0                . = ALIGN (0x4)
 *(.text)
 .text          0x00000000080001a0       0x40 /Applications/STM32CubeIDE.app/Contents/Eclipse/plugins/com.st.stm32cube.ide.mcu.externaltools.gnu-tools-for-stm32.11.3.rel1.macos64_1.1.1.202309131626/tools/bin/../lib/gcc/arm-none-eabi/11.3.1/thumb/v7e-m+fp/hard/crtbegin.o
 .text          0x00000000080001e0       0xa0 /Applications/STM32CubeIDE.app/Contents/Eclipse/plugins/com.st.stm32cube.ide.mcu.externaltools.gnu-tools-for-stm32.11.3.rel1.macos64_1.1.1.202309131626/tools/bin/../lib/gcc/arm-none-eabi/11.3.1/../../../../arm-none-eabi/lib/thumb/v7e-m+fp/hard/libc_nano.a(libc_a-memchr.o)
                0x00000000080001e0                memchr
 .text          0x0000000008000280       0x30 /Applications/STM32CubeIDE.app/Contents/Eclipse/plugins/com.st.stm32cube.ide.mcu.externaltools.gnu-tools-for-stm32.11.3.rel1.macos64_1.1.1.202309131626/tools/bin/../lib/gcc/arm-none-eabi/11.3.1/thumb/v7e-m+fp/hard/libgcc.a(_aeabi_uldivmod.o)
                0x0000000008000280                __aeabi_uldivmod
 .text          0x00000000080002b0      0x2c8 /Applications/STM32CubeIDE.app/Contents/Eclipse/plugins/com.st.stm32cube.ide.mcu.externaltools.gnu-tools-for-stm32.11.3.rel1.macos64_1.1.1.202309131626/tools/bin/../lib/gcc/arm-none-eabi/11.3.1/thumb/v7e-m+fp/hard/libgcc.a(_udivmoddi4.o)
                0x00000000080002b0                __udivmoddi4
 .text          0x0000000008000578        0x4 /Applications/STM32CubeIDE.app/Contents/Eclipse/plugins/com.st.stm32cube.ide.mcu.externaltools.gnu-tools-for-stm32.11.3.rel1.macos64_1.1.1.202309131626/tools/bin/../lib/gcc/arm-none-eabi/11.3.1/thumb/v7e-m+fp/hard/libgcc.a(_dvmd_tls.o)
                0x0000000008000578                __aeabi_ldiv0
                0x0000000008000578                __aeabi_idiv0
 *(.text*)
 .text.MX_GPIO_Init
                0x000000000800057c      0x15c ./Core/Src/gpio.o
                0x000000000800057c                MX_GPIO_Init
 .text.LCD5110_refresh
                0x00000000080006d8       0x18 ./Core/Src/lcd5110.o
                0x00000000080006d8                LCD5110_refresh
 .text.LCD5110_set_cursor
                0x00000000080006f0       0x24 ./Core/Src/lcd5110.o
                0x00000000080006f0                LCD5110_set_cursor
 .text.LCD5110_clear_scr
                0x0000000008000714       0x22 ./Core/Src/lcd5110.o
                0x0000000008000714                LCD5110_clear_scr
 .text.LCD5110_print
                0x0000000008000736       0x24 ./Core/Src/lcd5110.o
                0x0000000008000736                LCD5110_print
 *fill*         0x000000000800075a        0x2 
 .text.LCD5110_wputchar
                0x000000000800075c       0xb0 ./Core/Src/lcd5110.o
                0x000000000800075c                LCD5110_wputchar
 .text.LCD5110_wset_cursor
                0x000000000800080c       0x2a ./Core/Src/lcd5110.o
                0x000000000800080c                LCD5110_wset_cursor
 .text.LCD5110_wendl
                0x0000000008000836       0x40 ./Core/Src/lcd5110.o
                0x0000000008000836                LCD5110_wendl
 *fill*         0x0000000008000876        0x2 
 .text.LCD5110_wprint
                0x0000000008000878       0xd0 ./Core/Src/lcd5110.o
                0x0000000008000878                LCD5110_wprint
 .text.xy_to_pix
                0x0000000008000948       0x48 ./Core/Src/lcd5110_hal.o
 .text.LCD5110_clrscr
                0x0000000008000990       0x36 ./Core/Src/lcd5110_hal.o
                0x0000000008000990                LCD5110_clrscr
 .text.LCD5110_putpix
                0x00000000080009c6       0x80 ./Core/Src/lcd5110_hal.o
                0x00000000080009c6                LCD5110_putpix
 .text.LCD5110_drawBitmap
                0x0000000008000a46       0xa2 ./Core/Src/lcd5110_hal.o
                0x0000000008000a46                LCD5110_drawBitmap
 .text.send_byte_to_LCD5110
                0x0000000008000ae8       0x26 ./Core/Src/lcd5110_ll.o
 .text.send_data_to_LCD5110
                0x0000000008000b0e       0x28 ./Core/Src/lcd5110_ll.o
 .text.LCD5110_CE_off
                0x0000000008000b36       0x20 ./Core/Src/lcd5110_ll.o
 .text.LCD5110_DC_on
                0x0000000008000b56       0x20 ./Core/Src/lcd5110_ll.o
 .text.LCD5110_DC_off
                0x0000000008000b76       0x20 ./Core/Src/lcd5110_ll.o
 .text.LCD5110_RST_on
                0x0000000008000b96       0x20 ./Core/Src/lcd5110_ll.o
 .text.LCD5110_RST_off
                0x0000000008000bb6       0x20 ./Core/Src/lcd5110_ll.o
 .text.LCD5110_set_function
                0x0000000008000bd6       0x34 ./Core/Src/lcd5110_ll.o
 .text.LCD5110_set_mode_base
                0x0000000008000c0a       0x2e ./Core/Src/lcd5110_ll.o
 .text.LCD5110_set_voltage_ext
                0x0000000008000c38       0x32 ./Core/Src/lcd5110_ll.o
 .text.LCD5110_set_temp_coef_ext
                0x0000000008000c6a       0x30 ./Core/Src/lcd5110_ll.o
 .text.LCD5110_set_bias_ext
                0x0000000008000c9a       0x30 ./Core/Src/lcd5110_ll.o
 .text.LCD5110_set_X_base
                0x0000000008000cca       0x3e ./Core/Src/lcd5110_ll.o
 .text.LCD5110_set_Y_base
                0x0000000008000d08       0x3e ./Core/Src/lcd5110_ll.o
 .text.LCD5110_set_XY_base
                0x0000000008000d46       0x4a ./Core/Src/lcd5110_ll.o
 .text.SPI_enable
                0x0000000008000d90       0x28 ./Core/Src/lcd5110_ll.o
 .text.LCD5110_init
                0x0000000008000db8       0x8a ./Core/Src/lcd5110_ll.o
                0x0000000008000db8                LCD5110_init
 .text.LCD5110_refresh_ll
                0x0000000008000e42       0x3c ./Core/Src/lcd5110_ll.o
                0x0000000008000e42                LCD5110_refresh_ll
 *fill*         0x0000000008000e7e        0x2 
 .text.TIM10_reinit
                0x0000000008000e80       0x34 ./Core/Src/main.o
                0x0000000008000e80                TIM10_reinit
 .text.init_timing
                0x0000000008000eb4        0xc ./Core/Src/main.o
                0x0000000008000eb4                init_timing
 .text.get_tim10_us
                0x0000000008000ec0       0x54 ./Core/Src/main.o
                0x0000000008000ec0                get_tim10_us
 .text.udelay_TIM10
                0x0000000008000f14       0x2a ./Core/Src/main.o
                0x0000000008000f14                udelay_TIM10
 *fill*         0x0000000008000f3e        0x2 
 .text.HAL_TIM_PeriodElapsedCallback
                0x0000000008000f40       0x30 ./Core/Src/main.o
                0x0000000008000f40                HAL_TIM_PeriodElapsedCallback
 .text.get_us   0x0000000008000f70        0xe ./Core/Src/main.o
                0x0000000008000f70                get_us
 *fill*         0x0000000008000f7e        0x2 
 .text.HAL_GPIO_EXTI_Callback
                0x0000000008000f80       0x74 ./Core/Src/main.o
                0x0000000008000f80                HAL_GPIO_EXTI_Callback
 .text.main     0x0000000008000ff4      0x170 ./Core/Src/main.o
                0x0000000008000ff4                main
 .text.SystemClock_Config
                0x0000000008001164       0xd0 ./Core/Src/main.o
                0x0000000008001164                SystemClock_Config
 .text.Error_Handler
                0x0000000008001234        0xa ./Core/Src/main.o
                0x0000000008001234                Error_Handler
 *fill*         0x000000000800123e        0x2 
 .text.MX_SPI1_Init
                0x0000000008001240       0x6c ./Core/Src/spi.o
                0x0000000008001240                MX_SPI1_Init
 .text.HAL_SPI_MspInit
                0x00000000080012ac       0xa0 ./Core/Src/spi.o
                0x00000000080012ac                HAL_SPI_MspInit
 .text.HAL_MspInit
                0x000000000800134c       0x50 ./Core/Src/stm32f4xx_hal_msp.o
                0x000000000800134c                HAL_MspInit
 .text.NMI_Handler
                0x000000000800139c        0x6 ./Core/Src/stm32f4xx_it.o
                0x000000000800139c                NMI_Handler
 .text.HardFault_Handler
                0x00000000080013a2        0x6 ./Core/Src/stm32f4xx_it.o
                0x00000000080013a2                HardFault_Handler
 .text.MemManage_Handler
                0x00000000080013a8        0x6 ./Core/Src/stm32f4xx_it.o
                0x00000000080013a8                MemManage_Handler
 .text.BusFault_Handler
                0x00000000080013ae        0x6 ./Core/Src/stm32f4xx_it.o
                0x00000000080013ae                BusFault_Handler
 .text.UsageFault_Handler
                0x00000000080013b4        0x6 ./Core/Src/stm32f4xx_it.o
                0x00000000080013b4                UsageFault_Handler
 .text.SVC_Handler
                0x00000000080013ba        0xe ./Core/Src/stm32f4xx_it.o
                0x00000000080013ba                SVC_Handler
 .text.DebugMon_Handler
                0x00000000080013c8        0xe ./Core/Src/stm32f4xx_it.o
                0x00000000080013c8                DebugMon_Handler
 .text.PendSV_Handler
                0x00000000080013d6        0xe ./Core/Src/stm32f4xx_it.o
                0x00000000080013d6                PendSV_Handler
 .text.SysTick_Handler
                0x00000000080013e4        0xc ./Core/Src/stm32f4xx_it.o
                0x00000000080013e4                SysTick_Handler
 .text.TIM1_UP_TIM10_IRQHandler
                0x00000000080013f0       0x14 ./Core/Src/stm32f4xx_it.o
                0x00000000080013f0                TIM1_UP_TIM10_IRQHandler
 .text.SPI1_IRQHandler
                0x0000000008001404       0x14 ./Core/Src/stm32f4xx_it.o
                0x0000000008001404                SPI1_IRQHandler
 .text.EXTI15_10_IRQHandler
                0x0000000008001418       0x10 ./Core/Src/stm32f4xx_it.o
                0x0000000008001418                EXTI15_10_IRQHandler
 .text._sbrk    0x0000000008001428       0x6c ./Core/Src/sysmem.o
                0x0000000008001428                _sbrk
 .text.SystemInit
                0x0000000008001494       0x24 ./Core/Src/system_stm32f4xx.o
                0x0000000008001494                SystemInit
 .text.MX_TIM10_Init
                0x00000000080014b8       0x48 ./Core/Src/tim.o
                0x00000000080014b8                MX_TIM10_Init
 .text.HAL_TIM_Base_MspInit
                0x0000000008001500       0x50 ./Core/Src/tim.o
                0x0000000008001500                HAL_TIM_Base_MspInit
 .text.Reset_Handler
                0x0000000008001550       0x50 ./Core/Startup/startup_stm32f411vetx.o
                0x0000000008001550                Reset_Handler
 .text.Default_Handler
                0x00000000080015a0        0x2 ./Core/Startup/startup_stm32f411vetx.o
                0x00000000080015a0                DMA1_Stream3_IRQHandler
                0x00000000080015a0                EXTI2_IRQHandler
                0x00000000080015a0                SPI4_IRQHandler
                0x00000000080015a0                TIM1_CC_IRQHandler
                0x00000000080015a0                DMA2_Stream5_IRQHandler
                0x00000000080015a0                DMA1_Stream5_IRQHandler
                0x00000000080015a0                PVD_IRQHandler
                0x00000000080015a0                SDIO_IRQHandler
                0x00000000080015a0                TAMP_STAMP_IRQHandler
                0x00000000080015a0                EXTI3_IRQHandler
                0x00000000080015a0                I2C3_ER_IRQHandler
                0x00000000080015a0                EXTI0_IRQHandler
                0x00000000080015a0                I2C2_EV_IRQHandler
                0x00000000080015a0                DMA1_Stream2_IRQHandler
                0x00000000080015a0                FPU_IRQHandler
                0x00000000080015a0                DMA2_Stream2_IRQHandler
                0x00000000080015a0                TIM1_BRK_TIM9_IRQHandler
                0x00000000080015a0                DMA2_Stream3_IRQHandler
                0x00000000080015a0                USART6_IRQHandler
                0x00000000080015a0                DMA2_Stream0_IRQHandler
                0x00000000080015a0                TIM4_IRQHandler
                0x00000000080015a0                I2C1_EV_IRQHandler
                0x00000000080015a0                DMA1_Stream6_IRQHandler
                0x00000000080015a0                DMA1_Stream1_IRQHandler
                0x00000000080015a0                TIM3_IRQHandler
                0x00000000080015a0                RCC_IRQHandler
                0x00000000080015a0                Default_Handler
                0x00000000080015a0                ADC_IRQHandler
                0x00000000080015a0                DMA1_Stream7_IRQHandler
                0x00000000080015a0                SPI5_IRQHandler
                0x00000000080015a0                TIM5_IRQHandler
                0x00000000080015a0                DMA2_Stream7_IRQHandler
                0x00000000080015a0                I2C3_EV_IRQHandler
                0x00000000080015a0                EXTI9_5_IRQHandler
                0x00000000080015a0                RTC_WKUP_IRQHandler
                0x00000000080015a0                SPI2_IRQHandler
                0x00000000080015a0                DMA1_Stream0_IRQHandler
                0x00000000080015a0                EXTI4_IRQHandler
                0x00000000080015a0                WWDG_IRQHandler
                0x00000000080015a0                TIM2_IRQHandler
                0x00000000080015a0                OTG_FS_WKUP_IRQHandler
                0x00000000080015a0                TIM1_TRG_COM_TIM11_IRQHandler
                0x00000000080015a0                EXTI1_IRQHandler
                0x00000000080015a0                USART2_IRQHandler
                0x00000000080015a0                I2C2_ER_IRQHandler
                0x00000000080015a0                DMA2_Stream1_IRQHandler
                0x00000000080015a0                FLASH_IRQHandler
                0x00000000080015a0                DMA2_Stream4_IRQHandler
                0x00000000080015a0                USART1_IRQHandler
                0x00000000080015a0                OTG_FS_IRQHandler
                0x00000000080015a0                SPI3_IRQHandler
                0x00000000080015a0                DMA1_Stream4_IRQHandler
                0x00000000080015a0                I2C1_ER_IRQHandler
                0x00000000080015a0                DMA2_Stream6_IRQHandler
                0x00000000080015a0                RTC_Alarm_IRQHandler
 *fill*         0x00000000080015a2        0x2 
 .text.HAL_Init
                0x00000000080015a4       0x44 ./Drivers/STM32F4xx_HAL_Driver/Src/stm32f4xx_hal.o
                0x00000000080015a4                HAL_Init
 .text.HAL_InitTick
                0x00000000080015e8       0x60 ./Drivers/STM32F4xx_HAL_Driver/Src/stm32f4xx_hal.o
                0x00000000080015e8                HAL_InitTick
 .text.HAL_IncTick
                0x0000000008001648       0x28 ./Drivers/STM32F4xx_HAL_Driver/Src/stm32f4xx_hal.o
                0x0000000008001648                HAL_IncTick
 .text.HAL_GetTick
                0x0000000008001670       0x18 ./Drivers/STM32F4xx_HAL_Driver/Src/stm32f4xx_hal.o
                0x0000000008001670                HAL_GetTick
 .text.HAL_Delay
                0x0000000008001688       0x48 ./Drivers/STM32F4xx_HAL_Driver/Src/stm32f4xx_hal.o
                0x0000000008001688                HAL_Delay
 .text.__NVIC_SetPriorityGrouping
                0x00000000080016d0       0x48 ./Drivers/STM32F4xx_HAL_Driver/Src/stm32f4xx_hal_cortex.o
 .text.__NVIC_GetPriorityGrouping
                0x0000000008001718       0x1c ./Drivers/STM32F4xx_HAL_Driver/Src/stm32f4xx_hal_cortex.o
 .text.__NVIC_EnableIRQ
                0x0000000008001734       0x3c ./Drivers/STM32F4xx_HAL_Driver/Src/stm32f4xx_hal_cortex.o
 .text.__NVIC_SetPriority
                0x0000000008001770       0x54 ./Drivers/STM32F4xx_HAL_Driver/Src/stm32f4xx_hal_cortex.o
 .text.NVIC_EncodePriority
                0x00000000080017c4       0x66 ./Drivers/STM32F4xx_HAL_Driver/Src/stm32f4xx_hal_cortex.o
 *fill*         0x000000000800182a        0x2 
 .text.SysTick_Config
                0x000000000800182c       0x44 ./Drivers/STM32F4xx_HAL_Driver/Src/stm32f4xx_hal_cortex.o
 .text.HAL_NVIC_SetPriorityGrouping
                0x0000000008001870       0x16 ./Drivers/STM32F4xx_HAL_Driver/Src/stm32f4xx_hal_cortex.o
                0x0000000008001870                HAL_NVIC_SetPriorityGrouping
 .text.HAL_NVIC_SetPriority
                0x0000000008001886       0x38 ./Drivers/STM32F4xx_HAL_Driver/Src/stm32f4xx_hal_cortex.o
                0x0000000008001886                HAL_NVIC_SetPriority
 .text.HAL_NVIC_EnableIRQ
                0x00000000080018be       0x1c ./Drivers/STM32F4xx_HAL_Driver/Src/stm32f4xx_hal_cortex.o
                0x00000000080018be                HAL_NVIC_EnableIRQ
 .text.HAL_SYSTICK_Config
                0x00000000080018da       0x18 ./Drivers/STM32F4xx_HAL_Driver/Src/stm32f4xx_hal_cortex.o
                0x00000000080018da                HAL_SYSTICK_Config
 .text.HAL_DMA_Abort_IT
                0x00000000080018f2       0x44 ./Drivers/STM32F4xx_HAL_Driver/Src/stm32f4xx_hal_dma.o
                0x00000000080018f2                HAL_DMA_Abort_IT
 *fill*         0x0000000008001936        0x2 
 .text.HAL_GPIO_Init
                0x0000000008001938      0x308 ./Drivers/STM32F4xx_HAL_Driver/Src/stm32f4xx_hal_gpio.o
                0x0000000008001938                HAL_GPIO_Init
 .text.HAL_GPIO_WritePin
                0x0000000008001c40       0x32 ./Drivers/STM32F4xx_HAL_Driver/Src/stm32f4xx_hal_gpio.o
                0x0000000008001c40                HAL_GPIO_WritePin
 *fill*         0x0000000008001c72        0x2 
 .text.HAL_GPIO_EXTI_IRQHandler
                0x0000000008001c74       0x30 ./Drivers/STM32F4xx_HAL_Driver/Src/stm32f4xx_hal_gpio.o
                0x0000000008001c74                HAL_GPIO_EXTI_IRQHandler
 .text.HAL_RCC_OscConfig
                0x0000000008001ca4      0x4f0 ./Drivers/STM32F4xx_HAL_Driver/Src/stm32f4xx_hal_rcc.o
                0x0000000008001ca4                HAL_RCC_OscConfig
 .text.HAL_RCC_ClockConfig
                0x0000000008002194      0x1cc ./Drivers/STM32F4xx_HAL_Driver/Src/stm32f4xx_hal_rcc.o
                0x0000000008002194                HAL_RCC_ClockConfig
 .text.HAL_RCC_GetSysClockFreq
                0x0000000008002360      0x20c ./Drivers/STM32F4xx_HAL_Driver/Src/stm32f4xx_hal_rcc.o
                0x0000000008002360                HAL_RCC_GetSysClockFreq
 .text.HAL_SPI_Init
                0x000000000800256c      0x112 ./Drivers/STM32F4xx_HAL_Driver/Src/stm32f4xx_hal_spi.o
                0x000000000800256c                HAL_SPI_Init
 .text.HAL_SPI_Transmit
                0x000000000800267e      0x278 ./Drivers/STM32F4xx_HAL_Driver/Src/stm32f4xx_hal_spi.o
                0x000000000800267e                HAL_SPI_Transmit
 *fill*         0x00000000080028f6        0x2 
 .text.HAL_SPI_IRQHandler
                0x00000000080028f8      0x1e8 ./Drivers/STM32F4xx_HAL_Driver/Src/stm32f4xx_hal_spi.o
                0x00000000080028f8                HAL_SPI_IRQHandler
 .text.HAL_SPI_ErrorCallback
                0x0000000008002ae0       0x14 ./Drivers/STM32F4xx_HAL_Driver/Src/stm32f4xx_hal_spi.o
                0x0000000008002ae0                HAL_SPI_ErrorCallback
 .text.SPI_DMAAbortOnError
                0x0000000008002af4       0x28 ./Drivers/STM32F4xx_HAL_Driver/Src/stm32f4xx_hal_spi.o
 .text.SPI_WaitFlagStateUntilTimeout
                0x0000000008002b1c      0x110 ./Drivers/STM32F4xx_HAL_Driver/Src/stm32f4xx_hal_spi.o
 .text.SPI_EndRxTxTransaction
                0x0000000008002c2c       0x84 ./Drivers/STM32F4xx_HAL_Driver/Src/stm32f4xx_hal_spi.o
 .text.HAL_TIM_Base_Init
                0x0000000008002cb0       0x9e ./Drivers/STM32F4xx_HAL_Driver/Src/stm32f4xx_hal_tim.o
                0x0000000008002cb0                HAL_TIM_Base_Init
 .text.HAL_TIM_Base_Stop
                0x0000000008002d4e       0x4e ./Drivers/STM32F4xx_HAL_Driver/Src/stm32f4xx_hal_tim.o
                0x0000000008002d4e                HAL_TIM_Base_Stop
 .text.HAL_TIM_Base_Start_IT
                0x0000000008002d9c       0xc4 ./Drivers/STM32F4xx_HAL_Driver/Src/stm32f4xx_hal_tim.o
                0x0000000008002d9c                HAL_TIM_Base_Start_IT
 .text.HAL_TIM_IRQHandler
                0x0000000008002e60      0x210 ./Drivers/STM32F4xx_HAL_Driver/Src/stm32f4xx_hal_tim.o
                0x0000000008002e60                HAL_TIM_IRQHandler
 .text.HAL_TIM_OC_DelayElapsedCallback
                0x0000000008003070       0x14 ./Drivers/STM32F4xx_HAL_Driver/Src/stm32f4xx_hal_tim.o
                0x0000000008003070                HAL_TIM_OC_DelayElapsedCallback
 .text.HAL_TIM_IC_CaptureCallback
                0x0000000008003084       0x14 ./Drivers/STM32F4xx_HAL_Driver/Src/stm32f4xx_hal_tim.o
                0x0000000008003084                HAL_TIM_IC_CaptureCallback
 .text.HAL_TIM_PWM_PulseFinishedCallback
                0x0000000008003098       0x14 ./Drivers/STM32F4xx_HAL_Driver/Src/stm32f4xx_hal_tim.o
                0x0000000008003098                HAL_TIM_PWM_PulseFinishedCallback
 .text.HAL_TIM_TriggerCallback
                0x00000000080030ac       0x14 ./Drivers/STM32F4xx_HAL_Driver/Src/stm32f4xx_hal_tim.o
                0x00000000080030ac                HAL_TIM_TriggerCallback
 .text.TIM_Base_SetConfig
                0x00000000080030c0      0x100 ./Drivers/STM32F4xx_HAL_Driver/Src/stm32f4xx_hal_tim.o
                0x00000000080030c0                TIM_Base_SetConfig
 .text.HAL_TIMEx_CommutCallback
                0x00000000080031c0       0x14 ./Drivers/STM32F4xx_HAL_Driver/Src/stm32f4xx_hal_tim_ex.o
                0x00000000080031c0                HAL_TIMEx_CommutCallback
 .text.HAL_TIMEx_BreakCallback
                0x00000000080031d4       0x14 ./Drivers/STM32F4xx_HAL_Driver/Src/stm32f4xx_hal_tim_ex.o
                0x00000000080031d4                HAL_TIMEx_BreakCallback
 .text.sprintf  0x00000000080031e8       0x40 /Applications/STM32CubeIDE.app/Contents/Eclipse/plugins/com.st.stm32cube.ide.mcu.externaltools.gnu-tools-for-stm32.11.3.rel1.macos64_1.1.1.202309131626/tools/bin/../lib/gcc/arm-none-eabi/11.3.1/../../../../arm-none-eabi/lib/thumb/v7e-m+fp/hard/libc_nano.a(libc_a-sprintf.o)
                0x00000000080031e8                sprintf
                0x00000000080031e8                siprintf
 .text.memset   0x0000000008003228       0x10 /Applications/STM32CubeIDE.app/Contents/Eclipse/plugins/com.st.stm32cube.ide.mcu.externaltools.gnu-tools-for-stm32.11.3.rel1.macos64_1.1.1.202309131626/tools/bin/../lib/gcc/arm-none-eabi/11.3.1/../../../../arm-none-eabi/lib/thumb/v7e-m+fp/hard/libc_nano.a(libc_a-memset.o)
                0x0000000008003228                memset
 .text.__errno  0x0000000008003238        0xc /Applications/STM32CubeIDE.app/Contents/Eclipse/plugins/com.st.stm32cube.ide.mcu.externaltools.gnu-tools-for-stm32.11.3.rel1.macos64_1.1.1.202309131626/tools/bin/../lib/gcc/arm-none-eabi/11.3.1/../../../../arm-none-eabi/lib/thumb/v7e-m+fp/hard/libc_nano.a(libc_a-errno.o)
                0x0000000008003238                __errno
 .text.__libc_init_array
                0x0000000008003244       0x48 /Applications/STM32CubeIDE.app/Contents/Eclipse/plugins/com.st.stm32cube.ide.mcu.externaltools.gnu-tools-for-stm32.11.3.rel1.macos64_1.1.1.202309131626/tools/bin/../lib/gcc/arm-none-eabi/11.3.1/../../../../arm-none-eabi/lib/thumb/v7e-m+fp/hard/libc_nano.a(libc_a-init.o)
                0x0000000008003244                __libc_init_array
 .text.__retarget_lock_acquire_recursive
                0x000000000800328c        0x2 /Applications/STM32CubeIDE.app/Contents/Eclipse/plugins/com.st.stm32cube.ide.mcu.externaltools.gnu-tools-for-stm32.11.3.rel1.macos64_1.1.1.202309131626/tools/bin/../lib/gcc/arm-none-eabi/11.3.1/../../../../arm-none-eabi/lib/thumb/v7e-m+fp/hard/libc_nano.a(libc_a-lock.o)
                0x000000000800328c                __retarget_lock_acquire_recursive
 .text.__retarget_lock_release_recursive
                0x000000000800328e        0x2 /Applications/STM32CubeIDE.app/Contents/Eclipse/plugins/com.st.stm32cube.ide.mcu.externaltools.gnu-tools-for-stm32.11.3.rel1.macos64_1.1.1.202309131626/tools/bin/../lib/gcc/arm-none-eabi/11.3.1/../../../../arm-none-eabi/lib/thumb/v7e-m+fp/hard/libc_nano.a(libc_a-lock.o)
                0x000000000800328e                __retarget_lock_release_recursive
 .text.__ssputs_r
                0x0000000008003290       0xb4 /Applications/STM32CubeIDE.app/Contents/Eclipse/plugins/com.st.stm32cube.ide.mcu.externaltools.gnu-tools-for-stm32.11.3.rel1.macos64_1.1.1.202309131626/tools/bin/../lib/gcc/arm-none-eabi/11.3.1/../../../../arm-none-eabi/lib/thumb/v7e-m+fp/hard/libc_nano.a(libc_a-nano-svfprintf.o)
                0x0000000008003290                __ssputs_r
 .text._svfprintf_r
                0x0000000008003344      0x1fc /Applications/STM32CubeIDE.app/Contents/Eclipse/plugins/com.st.stm32cube.ide.mcu.externaltools.gnu-tools-for-stm32.11.3.rel1.macos64_1.1.1.202309131626/tools/bin/../lib/gcc/arm-none-eabi/11.3.1/../../../../arm-none-eabi/lib/thumb/v7e-m+fp/hard/libc_nano.a(libc_a-nano-svfprintf.o)
                0x0000000008003344                _svfprintf_r
                0x0000000008003344                _svfiprintf_r
 .text.sbrk_aligned
                0x0000000008003540       0x40 /Applications/STM32CubeIDE.app/Contents/Eclipse/plugins/com.st.stm32cube.ide.mcu.externaltools.gnu-tools-for-stm32.11.3.rel1.macos64_1.1.1.202309131626/tools/bin/../lib/gcc/arm-none-eabi/11.3.1/../../../../arm-none-eabi/lib/thumb/v7e-m+fp/hard/libc_nano.a(libc_a-mallocr.o)
 .text._malloc_r
                0x0000000008003580      0x100 /Applications/STM32CubeIDE.app/Contents/Eclipse/plugins/com.st.stm32cube.ide.mcu.externaltools.gnu-tools-for-stm32.11.3.rel1.macos64_1.1.1.202309131626/tools/bin/../lib/gcc/arm-none-eabi/11.3.1/../../../../arm-none-eabi/lib/thumb/v7e-m+fp/hard/libc_nano.a(libc_a-mallocr.o)
                0x0000000008003580                _malloc_r
 .text._printf_common
                0x0000000008003680       0xda /Applications/STM32CubeIDE.app/Contents/Eclipse/plugins/com.st.stm32cube.ide.mcu.externaltools.gnu-tools-for-stm32.11.3.rel1.macos64_1.1.1.202309131626/tools/bin/../lib/gcc/arm-none-eabi/11.3.1/../../../../arm-none-eabi/lib/thumb/v7e-m+fp/hard/libc_nano.a(libc_a-nano-vfprintf_i.o)
                0x0000000008003680                _printf_common
 *fill*         0x000000000800375a        0x2 
 .text._printf_i
                0x000000000800375c      0x244 /Applications/STM32CubeIDE.app/Contents/Eclipse/plugins/com.st.stm32cube.ide.mcu.externaltools.gnu-tools-for-stm32.11.3.rel1.macos64_1.1.1.202309131626/tools/bin/../lib/gcc/arm-none-eabi/11.3.1/../../../../arm-none-eabi/lib/thumb/v7e-m+fp/hard/libc_nano.a(libc_a-nano-vfprintf_i.o)
                0x000000000800375c                _printf_i
 .text.__malloc_lock
                0x00000000080039a0        0xc /Applications/STM32CubeIDE.app/Contents/Eclipse/plugins/com.st.stm32cube.ide.mcu.externaltools.gnu-tools-for-stm32.11.3.rel1.macos64_1.1.1.202309131626/tools/bin/../lib/gcc/arm-none-eabi/11.3.1/../../../../arm-none-eabi/lib/thumb/v7e-m+fp/hard/libc_nano.a(libc_a-mlock.o)
                0x00000000080039a0                __malloc_lock
 .text.__malloc_unlock
                0x00000000080039ac        0xc /Applications/STM32CubeIDE.app/Contents/Eclipse/plugins/com.st.stm32cube.ide.mcu.externaltools.gnu-tools-for-stm32.11.3.rel1.macos64_1.1.1.202309131626/tools/bin/../lib/gcc/arm-none-eabi/11.3.1/../../../../arm-none-eabi/lib/thumb/v7e-m+fp/hard/libc_nano.a(libc_a-mlock.o)
                0x00000000080039ac                __malloc_unlock
 .text._realloc_r
                0x00000000080039b8       0x5e /Applications/STM32CubeIDE.app/Contents/Eclipse/plugins/com.st.stm32cube.ide.mcu.externaltools.gnu-tools-for-stm32.11.3.rel1.macos64_1.1.1.202309131626/tools/bin/../lib/gcc/arm-none-eabi/11.3.1/../../../../arm-none-eabi/lib/thumb/v7e-m+fp/hard/libc_nano.a(libc_a-reallocr.o)
                0x00000000080039b8                _realloc_r
 .text.memmove  0x0000000008003a16       0x34 /Applications/STM32CubeIDE.app/Contents/Eclipse/plugins/com.st.stm32cube.ide.mcu.externaltools.gnu-tools-for-stm32.11.3.rel1.macos64_1.1.1.202309131626/tools/bin/../lib/gcc/arm-none-eabi/11.3.1/../../../../arm-none-eabi/lib/thumb/v7e-m+fp/hard/libc_nano.a(libc_a-memmove.o)
                0x0000000008003a16                memmove
 *fill*         0x0000000008003a4a        0x2 
 .text._sbrk_r  0x0000000008003a4c       0x20 /Applications/STM32CubeIDE.app/Contents/Eclipse/plugins/com.st.stm32cube.ide.mcu.externaltools.gnu-tools-for-stm32.11.3.rel1.macos64_1.1.1.202309131626/tools/bin/../lib/gcc/arm-none-eabi/11.3.1/../../../../arm-none-eabi/lib/thumb/v7e-m+fp/hard/libc_nano.a(libc_a-sbrkr.o)
                0x0000000008003a4c                _sbrk_r
 .text.memcpy   0x0000000008003a6c       0x1c /Applications/STM32CubeIDE.app/Contents/Eclipse/plugins/com.st.stm32cube.ide.mcu.externaltools.gnu-tools-for-stm32.11.3.rel1.macos64_1.1.1.202309131626/tools/bin/../lib/gcc/arm-none-eabi/11.3.1/../../../../arm-none-eabi/lib/thumb/v7e-m+fp/hard/libc_nano.a(libc_a-memcpy-stub.o)
                0x0000000008003a6c                memcpy
 .text._free_r  0x0000000008003a88       0x98 /Applications/STM32CubeIDE.app/Contents/Eclipse/plugins/com.st.stm32cube.ide.mcu.externaltools.gnu-tools-for-stm32.11.3.rel1.macos64_1.1.1.202309131626/tools/bin/../lib/gcc/arm-none-eabi/11.3.1/../../../../arm-none-eabi/lib/thumb/v7e-m+fp/hard/libc_nano.a(libc_a-freer.o)
                0x0000000008003a88                _free_r
 .text._malloc_usable_size_r
                0x0000000008003b20       0x10 /Applications/STM32CubeIDE.app/Contents/Eclipse/plugins/com.st.stm32cube.ide.mcu.externaltools.gnu-tools-for-stm32.11.3.rel1.macos64_1.1.1.202309131626/tools/bin/../lib/gcc/arm-none-eabi/11.3.1/../../../../arm-none-eabi/lib/thumb/v7e-m+fp/hard/libc_nano.a(libc_a-msizer.o)
                0x0000000008003b20                _malloc_usable_size_r
 *(.glue_7)
 .glue_7        0x0000000008003b30        0x0 linker stubs
 *(.glue_7t)
 .glue_7t       0x0000000008003b30        0x0 linker stubs
 *(.eh_frame)
 .eh_frame      0x0000000008003b30        0x0 /Applications/STM32CubeIDE.app/Contents/Eclipse/plugins/com.st.stm32cube.ide.mcu.externaltools.gnu-tools-for-stm32.11.3.rel1.macos64_1.1.1.202309131626/tools/bin/../lib/gcc/arm-none-eabi/11.3.1/thumb/v7e-m+fp/hard/crtbegin.o
 *(.init)
 .init          0x0000000008003b30        0x4 /Applications/STM32CubeIDE.app/Contents/Eclipse/plugins/com.st.stm32cube.ide.mcu.externaltools.gnu-tools-for-stm32.11.3.rel1.macos64_1.1.1.202309131626/tools/bin/../lib/gcc/arm-none-eabi/11.3.1/thumb/v7e-m+fp/hard/crti.o
                0x0000000008003b30                _init
 .init          0x0000000008003b34        0x8 /Applications/STM32CubeIDE.app/Contents/Eclipse/plugins/com.st.stm32cube.ide.mcu.externaltools.gnu-tools-for-stm32.11.3.rel1.macos64_1.1.1.202309131626/tools/bin/../lib/gcc/arm-none-eabi/11.3.1/thumb/v7e-m+fp/hard/crtn.o
 *(.fini)
 .fini          0x0000000008003b3c        0x4 /Applications/STM32CubeIDE.app/Contents/Eclipse/plugins/com.st.stm32cube.ide.mcu.externaltools.gnu-tools-for-stm32.11.3.rel1.macos64_1.1.1.202309131626/tools/bin/../lib/gcc/arm-none-eabi/11.3.1/thumb/v7e-m+fp/hard/crti.o
                0x0000000008003b3c                _fini
 .fini          0x0000000008003b40        0x8 /Applications/STM32CubeIDE.app/Contents/Eclipse/plugins/com.st.stm32cube.ide.mcu.externaltools.gnu-tools-for-stm32.11.3.rel1.macos64_1.1.1.202309131626/tools/bin/../lib/gcc/arm-none-eabi/11.3.1/thumb/v7e-m+fp/hard/crtn.o
                0x0000000008003b48                . = ALIGN (0x4)
                0x0000000008003b48                _etext = .

.vfp11_veneer   0x0000000008003b48        0x0
 .vfp11_veneer  0x0000000008003b48        0x0 linker stubs

.v4_bx          0x0000000008003b48        0x0
 .v4_bx         0x0000000008003b48        0x0 linker stubs

.iplt           0x0000000008003b48        0x0
 .iplt          0x0000000008003b48        0x0 /Applications/STM32CubeIDE.app/Contents/Eclipse/plugins/com.st.stm32cube.ide.mcu.externaltools.gnu-tools-for-stm32.11.3.rel1.macos64_1.1.1.202309131626/tools/bin/../lib/gcc/arm-none-eabi/11.3.1/thumb/v7e-m+fp/hard/crtbegin.o

.rodata         0x0000000008003b48      0x798
                0x0000000008003b48                . = ALIGN (0x4)
 *(.rodata)
 .rodata        0x0000000008003b48       0x41 ./Core/Src/main.o
 *(.rodata*)
 *fill*         0x0000000008003b89        0x3 
 .rodata.base_font
                0x0000000008003b8c      0x600 ./Core/Src/lcd5110.o
 .rodata.lcd5110_def_scr
                0x000000000800418c        0xe ./Core/Src/lcd5110.o
                0x000000000800418c                lcd5110_def_scr
 *fill*         0x000000000800419a        0x2 
 .rodata.AHBPrescTable
                0x000000000800419c       0x10 ./Core/Src/system_stm32f4xx.o
                0x000000000800419c                AHBPrescTable
 .rodata._ctype_
                0x00000000080041ac      0x101 /Applications/STM32CubeIDE.app/Contents/Eclipse/plugins/com.st.stm32cube.ide.mcu.externaltools.gnu-tools-for-stm32.11.3.rel1.macos64_1.1.1.202309131626/tools/bin/../lib/gcc/arm-none-eabi/11.3.1/../../../../arm-none-eabi/lib/thumb/v7e-m+fp/hard/libc_nano.a(libc_a-ctype_.o)
                0x00000000080041ac                _ctype_
 .rodata._svfprintf_r.str1.1
                0x00000000080042ad       0x11 /Applications/STM32CubeIDE.app/Contents/Eclipse/plugins/com.st.stm32cube.ide.mcu.externaltools.gnu-tools-for-stm32.11.3.rel1.macos64_1.1.1.202309131626/tools/bin/../lib/gcc/arm-none-eabi/11.3.1/../../../../arm-none-eabi/lib/thumb/v7e-m+fp/hard/libc_nano.a(libc_a-nano-svfprintf.o)
 .rodata._printf_i.str1.1
                0x00000000080042be       0x22 /Applications/STM32CubeIDE.app/Contents/Eclipse/plugins/com.st.stm32cube.ide.mcu.externaltools.gnu-tools-for-stm32.11.3.rel1.macos64_1.1.1.202309131626/tools/bin/../lib/gcc/arm-none-eabi/11.3.1/../../../../arm-none-eabi/lib/thumb/v7e-m+fp/hard/libc_nano.a(libc_a-nano-vfprintf_i.o)
                0x00000000080042e0                . = ALIGN (0x4)

.ARM.extab      0x00000000080042e0        0x0
                0x00000000080042e0                . = ALIGN (0x4)
 *(.ARM.extab* .gnu.linkonce.armextab.*)
                0x00000000080042e0                . = ALIGN (0x4)

.ARM            0x00000000080042e0        0x8
                0x00000000080042e0                . = ALIGN (0x4)
                0x00000000080042e0                __exidx_start = .
 *(.ARM.exidx*)
 .ARM.exidx     0x00000000080042e0        0x8 /Applications/STM32CubeIDE.app/Contents/Eclipse/plugins/com.st.stm32cube.ide.mcu.externaltools.gnu-tools-for-stm32.11.3.rel1.macos64_1.1.1.202309131626/tools/bin/../lib/gcc/arm-none-eabi/11.3.1/thumb/v7e-m+fp/hard/libgcc.a(_udivmoddi4.o)
                0x00000000080042e8                __exidx_end = .
                0x00000000080042e8                . = ALIGN (0x4)

.rel.dyn        0x00000000080042e8        0x0
 .rel.iplt      0x00000000080042e8        0x0 /Applications/STM32CubeIDE.app/Contents/Eclipse/plugins/com.st.stm32cube.ide.mcu.externaltools.gnu-tools-for-stm32.11.3.rel1.macos64_1.1.1.202309131626/tools/bin/../lib/gcc/arm-none-eabi/11.3.1/thumb/v7e-m+fp/hard/crtbegin.o

.preinit_array  0x00000000080042e8        0x0
                0x00000000080042e8                . = ALIGN (0x4)
                0x00000000080042e8                PROVIDE (__preinit_array_start = .)
 *(.preinit_array*)
                0x00000000080042e8                PROVIDE (__preinit_array_end = .)
                0x00000000080042e8                . = ALIGN (0x4)

.init_array     0x00000000080042e8        0x4
                0x00000000080042e8                . = ALIGN (0x4)
                0x00000000080042e8                PROVIDE (__init_array_start = .)
 *(SORT_BY_NAME(.init_array.*))
 *(.init_array*)
 .init_array    0x00000000080042e8        0x4 /Applications/STM32CubeIDE.app/Contents/Eclipse/plugins/com.st.stm32cube.ide.mcu.externaltools.gnu-tools-for-stm32.11.3.rel1.macos64_1.1.1.202309131626/tools/bin/../lib/gcc/arm-none-eabi/11.3.1/thumb/v7e-m+fp/hard/crtbegin.o
                0x00000000080042ec                PROVIDE (__init_array_end = .)
                0x00000000080042ec                . = ALIGN (0x4)

.fini_array     0x00000000080042ec        0x4
                0x00000000080042ec                . = ALIGN (0x4)
                [!provide]                        PROVIDE (__fini_array_start = .)
 *(SORT_BY_NAME(.fini_array.*))
 *(.fini_array*)
 .fini_array    0x00000000080042ec        0x4 /Applications/STM32CubeIDE.app/Contents/Eclipse/plugins/com.st.stm32cube.ide.mcu.externaltools.gnu-tools-for-stm32.11.3.rel1.macos64_1.1.1.202309131626/tools/bin/../lib/gcc/arm-none-eabi/11.3.1/thumb/v7e-m+fp/hard/crtbegin.o
                [!provide]                        PROVIDE (__fini_array_end = .)
                0x00000000080042f0                . = ALIGN (0x4)
                0x00000000080042f0                _sidata = LOADADDR (.data)

.data           0x0000000020000000       0x5c load address 0x00000000080042f0
                0x0000000020000000                . = ALIGN (0x4)
                0x0000000020000000                _sdata = .
 *(.data)
 *(.data*)
 .data.SystemCoreClock
                0x0000000020000000        0x4 ./Core/Src/system_stm32f4xx.o
                0x0000000020000000                SystemCoreClock
 .data.uwTickPrio
                0x0000000020000004        0x4 ./Drivers/STM32F4xx_HAL_Driver/Src/stm32f4xx_hal.o
                0x0000000020000004                uwTickPrio
 .data.uwTickFreq
                0x0000000020000008        0x1 ./Drivers/STM32F4xx_HAL_Driver/Src/stm32f4xx_hal.o
                0x0000000020000008                uwTickFreq
 *fill*         0x0000000020000009        0x3 
 .data._impure_data
                0x000000002000000c       0x4c /Applications/STM32CubeIDE.app/Contents/Eclipse/plugins/com.st.stm32cube.ide.mcu.externaltools.gnu-tools-for-stm32.11.3.rel1.macos64_1.1.1.202309131626/tools/bin/../lib/gcc/arm-none-eabi/11.3.1/../../../../arm-none-eabi/lib/thumb/v7e-m+fp/hard/libc_nano.a(libc_a-impure.o)
                0x000000002000000c                _impure_data
 .data._impure_ptr
                0x0000000020000058        0x4 /Applications/STM32CubeIDE.app/Contents/Eclipse/plugins/com.st.stm32cube.ide.mcu.externaltools.gnu-tools-for-stm32.11.3.rel1.macos64_1.1.1.202309131626/tools/bin/../lib/gcc/arm-none-eabi/11.3.1/../../../../arm-none-eabi/lib/thumb/v7e-m+fp/hard/libc_nano.a(libc_a-impure.o)
                0x0000000020000058                _impure_ptr
 *(.RamFunc)
 *(.RamFunc*)
                0x000000002000005c                . = ALIGN (0x4)
                0x000000002000005c                _edata = .

.igot.plt       0x000000002000005c        0x0 load address 0x000000000800434c
 .igot.plt      0x000000002000005c        0x0 /Applications/STM32CubeIDE.app/Contents/Eclipse/plugins/com.st.stm32cube.ide.mcu.externaltools.gnu-tools-for-stm32.11.3.rel1.macos64_1.1.1.202309131626/tools/bin/../lib/gcc/arm-none-eabi/11.3.1/thumb/v7e-m+fp/hard/crtbegin.o
                0x000000002000005c                . = ALIGN (0x4)

.bss            0x000000002000005c      0x444 load address 0x000000000800434c
                0x000000002000005c                _sbss = .
                0x000000002000005c                __bss_start__ = _sbss
 *(.bss)
 .bss           0x000000002000005c       0x1c /Applications/STM32CubeIDE.app/Contents/Eclipse/plugins/com.st.stm32cube.ide.mcu.externaltools.gnu-tools-for-stm32.11.3.rel1.macos64_1.1.1.202309131626/tools/bin/../lib/gcc/arm-none-eabi/11.3.1/thumb/v7e-m+fp/hard/crtbegin.o
 *(.bss*)
 .bss.lcd1      0x0000000020000078      0x224 ./Core/Src/main.o
                0x0000000020000078                lcd1
 .bss.tim10_overflows
                0x000000002000029c        0x4 ./Core/Src/main.o
                0x000000002000029c                tim10_overflows
 .bss.state     0x00000000200002a0        0x1 ./Core/Src/main.o
                0x00000000200002a0                state
 *fill*         0x00000000200002a1        0x3 
 .bss.echo_start
                0x00000000200002a4        0x4 ./Core/Src/main.o
                0x00000000200002a4                echo_start
 .bss.echo_finish
                0x00000000200002a8        0x4 ./Core/Src/main.o
                0x00000000200002a8                echo_finish
 .bss.measured_time
                0x00000000200002ac        0x4 ./Core/Src/main.o
                0x00000000200002ac                measured_time
 .bss.hspi1     0x00000000200002b0       0x58 ./Core/Src/spi.o
                0x00000000200002b0                hspi1
 .bss.__sbrk_heap_end
                0x0000000020000308        0x4 ./Core/Src/sysmem.o
 .bss.htim10    0x000000002000030c       0x48 ./Core/Src/tim.o
                0x000000002000030c                htim10
 .bss.uwTick    0x0000000020000354        0x4 ./Drivers/STM32F4xx_HAL_Driver/Src/stm32f4xx_hal.o
                0x0000000020000354                uwTick
 .bss.__sf      0x0000000020000358      0x138 /Applications/STM32CubeIDE.app/Contents/Eclipse/plugins/com.st.stm32cube.ide.mcu.externaltools.gnu-tools-for-stm32.11.3.rel1.macos64_1.1.1.202309131626/tools/bin/../lib/gcc/arm-none-eabi/11.3.1/../../../../arm-none-eabi/lib/thumb/v7e-m+fp/hard/libc_nano.a(libc_a-findfp.o)
                0x0000000020000358                __sf
 .bss.__lock___malloc_recursive_mutex
                0x0000000020000490        0x1 /Applications/STM32CubeIDE.app/Contents/Eclipse/plugins/com.st.stm32cube.ide.mcu.externaltools.gnu-tools-for-stm32.11.3.rel1.macos64_1.1.1.202309131626/tools/bin/../lib/gcc/arm-none-eabi/11.3.1/../../../../arm-none-eabi/lib/thumb/v7e-m+fp/hard/libc_nano.a(libc_a-lock.o)
                0x0000000020000490                __lock___malloc_recursive_mutex
 *fill*         0x0000000020000491        0x3 
 .bss.__malloc_free_list
                0x0000000020000494        0x4 /Applications/STM32CubeIDE.app/Contents/Eclipse/plugins/com.st.stm32cube.ide.mcu.externaltools.gnu-tools-for-stm32.11.3.rel1.macos64_1.1.1.202309131626/tools/bin/../lib/gcc/arm-none-eabi/11.3.1/../../../../arm-none-eabi/lib/thumb/v7e-m+fp/hard/libc_nano.a(libc_a-mallocr.o)
                0x0000000020000494                __malloc_free_list
 .bss.__malloc_sbrk_start
                0x0000000020000498        0x4 /Applications/STM32CubeIDE.app/Contents/Eclipse/plugins/com.st.stm32cube.ide.mcu.externaltools.gnu-tools-for-stm32.11.3.rel1.macos64_1.1.1.202309131626/tools/bin/../lib/gcc/arm-none-eabi/11.3.1/../../../../arm-none-eabi/lib/thumb/v7e-m+fp/hard/libc_nano.a(libc_a-mallocr.o)
                0x0000000020000498                __malloc_sbrk_start
 .bss.errno     0x000000002000049c        0x4 /Applications/STM32CubeIDE.app/Contents/Eclipse/plugins/com.st.stm32cube.ide.mcu.externaltools.gnu-tools-for-stm32.11.3.rel1.macos64_1.1.1.202309131626/tools/bin/../lib/gcc/arm-none-eabi/11.3.1/../../../../arm-none-eabi/lib/thumb/v7e-m+fp/hard/libc_nano.a(libc_a-reent.o)
                0x000000002000049c                errno
 *(COMMON)
                0x00000000200004a0                . = ALIGN (0x4)
                0x00000000200004a0                _ebss = .
                0x00000000200004a0                __bss_end__ = _ebss

._user_heap_stack
                0x00000000200004a0      0x600 load address 0x000000000800434c
                0x00000000200004a0                . = ALIGN (0x8)
                [!provide]                        PROVIDE (end = .)
                0x00000000200004a0                PROVIDE (_end = .)
                0x00000000200006a0                . = (. + _Min_Heap_Size)
 *fill*         0x00000000200004a0      0x200 
                0x0000000020000aa0                . = (. + _Min_Stack_Size)
 *fill*         0x00000000200006a0      0x400 
                0x0000000020000aa0                . = ALIGN (0x8)

/DISCARD/
 libc.a(*)
 libm.a(*)
 libgcc.a(*)

.ARM.attributes
                0x0000000000000000       0x30
 *(.ARM.attributes)
 .ARM.attributes
                0x0000000000000000       0x1e /Applications/STM32CubeIDE.app/Contents/Eclipse/plugins/com.st.stm32cube.ide.mcu.externaltools.gnu-tools-for-stm32.11.3.rel1.macos64_1.1.1.202309131626/tools/bin/../lib/gcc/arm-none-eabi/11.3.1/thumb/v7e-m+fp/hard/crti.o
 .ARM.attributes
                0x000000000000001e       0x34 /Applications/STM32CubeIDE.app/Contents/Eclipse/plugins/com.st.stm32cube.ide.mcu.externaltools.gnu-tools-for-stm32.11.3.rel1.macos64_1.1.1.202309131626/tools/bin/../lib/gcc/arm-none-eabi/11.3.1/thumb/v7e-m+fp/hard/crtbegin.o
 .ARM.attributes
                0x0000000000000052       0x34 ./Core/Src/gpio.o
 .ARM.attributes
                0x0000000000000086       0x34 ./Core/Src/lcd5110.o
 .ARM.attributes
                0x00000000000000ba       0x34 ./Core/Src/lcd5110_hal.o
 .ARM.attributes
                0x00000000000000ee       0x34 ./Core/Src/lcd5110_ll.o
 .ARM.attributes
                0x0000000000000122       0x34 ./Core/Src/main.o
 .ARM.attributes
                0x0000000000000156       0x34 ./Core/Src/spi.o
 .ARM.attributes
                0x000000000000018a       0x34 ./Core/Src/stm32f4xx_hal_msp.o
 .ARM.attributes
                0x00000000000001be       0x34 ./Core/Src/stm32f4xx_it.o
 .ARM.attributes
                0x00000000000001f2       0x34 ./Core/Src/sysmem.o
 .ARM.attributes
                0x0000000000000226       0x34 ./Core/Src/system_stm32f4xx.o
 .ARM.attributes
                0x000000000000025a       0x34 ./Core/Src/tim.o
 .ARM.attributes
                0x000000000000028e       0x21 ./Core/Startup/startup_stm32f411vetx.o
 .ARM.attributes
                0x00000000000002af       0x34 ./Drivers/STM32F4xx_HAL_Driver/Src/stm32f4xx_hal.o
 .ARM.attributes
                0x00000000000002e3       0x34 ./Drivers/STM32F4xx_HAL_Driver/Src/stm32f4xx_hal_cortex.o
 .ARM.attributes
                0x0000000000000317       0x34 ./Drivers/STM32F4xx_HAL_Driver/Src/stm32f4xx_hal_dma.o
 .ARM.attributes
                0x000000000000034b       0x34 ./Drivers/STM32F4xx_HAL_Driver/Src/stm32f4xx_hal_gpio.o
 .ARM.attributes
                0x000000000000037f       0x34 ./Drivers/STM32F4xx_HAL_Driver/Src/stm32f4xx_hal_rcc.o
 .ARM.attributes
                0x00000000000003b3       0x34 ./Drivers/STM32F4xx_HAL_Driver/Src/stm32f4xx_hal_spi.o
 .ARM.attributes
                0x00000000000003e7       0x34 ./Drivers/STM32F4xx_HAL_Driver/Src/stm32f4xx_hal_tim.o
 .ARM.attributes
                0x000000000000041b       0x34 ./Drivers/STM32F4xx_HAL_Driver/Src/stm32f4xx_hal_tim_ex.o
 .ARM.attributes
                0x000000000000044f       0x34 /Applications/STM32CubeIDE.app/Contents/Eclipse/plugins/com.st.stm32cube.ide.mcu.externaltools.gnu-tools-for-stm32.11.3.rel1.macos64_1.1.1.202309131626/tools/bin/../lib/gcc/arm-none-eabi/11.3.1/../../../../arm-none-eabi/lib/thumb/v7e-m+fp/hard/libc_nano.a(libc_a-sprintf.o)
 .ARM.attributes
                0x0000000000000483       0x34 /Applications/STM32CubeIDE.app/Contents/Eclipse/plugins/com.st.stm32cube.ide.mcu.externaltools.gnu-tools-for-stm32.11.3.rel1.macos64_1.1.1.202309131626/tools/bin/../lib/gcc/arm-none-eabi/11.3.1/../../../../arm-none-eabi/lib/thumb/v7e-m+fp/hard/libc_nano.a(libc_a-findfp.o)
 .ARM.attributes
                0x00000000000004b7       0x34 /Applications/STM32CubeIDE.app/Contents/Eclipse/plugins/com.st.stm32cube.ide.mcu.externaltools.gnu-tools-for-stm32.11.3.rel1.macos64_1.1.1.202309131626/tools/bin/../lib/gcc/arm-none-eabi/11.3.1/../../../../arm-none-eabi/lib/thumb/v7e-m+fp/hard/libc_nano.a(libc_a-memset.o)
 .ARM.attributes
                0x00000000000004eb       0x34 /Applications/STM32CubeIDE.app/Contents/Eclipse/plugins/com.st.stm32cube.ide.mcu.externaltools.gnu-tools-for-stm32.11.3.rel1.macos64_1.1.1.202309131626/tools/bin/../lib/gcc/arm-none-eabi/11.3.1/../../../../arm-none-eabi/lib/thumb/v7e-m+fp/hard/libc_nano.a(libc_a-impure.o)
 .ARM.attributes
                0x000000000000051f       0x34 /Applications/STM32CubeIDE.app/Contents/Eclipse/plugins/com.st.stm32cube.ide.mcu.externaltools.gnu-tools-for-stm32.11.3.rel1.macos64_1.1.1.202309131626/tools/bin/../lib/gcc/arm-none-eabi/11.3.1/../../../../arm-none-eabi/lib/thumb/v7e-m+fp/hard/libc_nano.a(libc_a-errno.o)
 .ARM.attributes
                0x0000000000000553       0x34 /Applications/STM32CubeIDE.app/Contents/Eclipse/plugins/com.st.stm32cube.ide.mcu.externaltools.gnu-tools-for-stm32.11.3.rel1.macos64_1.1.1.202309131626/tools/bin/../lib/gcc/arm-none-eabi/11.3.1/../../../../arm-none-eabi/lib/thumb/v7e-m+fp/hard/libc_nano.a(libc_a-init.o)
 .ARM.attributes
                0x0000000000000587       0x34 /Applications/STM32CubeIDE.app/Contents/Eclipse/plugins/com.st.stm32cube.ide.mcu.externaltools.gnu-tools-for-stm32.11.3.rel1.macos64_1.1.1.202309131626/tools/bin/../lib/gcc/arm-none-eabi/11.3.1/../../../../arm-none-eabi/lib/thumb/v7e-m+fp/hard/libc_nano.a(libc_a-lock.o)
 .ARM.attributes
                0x00000000000005bb       0x34 /Applications/STM32CubeIDE.app/Contents/Eclipse/plugins/com.st.stm32cube.ide.mcu.externaltools.gnu-tools-for-stm32.11.3.rel1.macos64_1.1.1.202309131626/tools/bin/../lib/gcc/arm-none-eabi/11.3.1/../../../../arm-none-eabi/lib/thumb/v7e-m+fp/hard/libc_nano.a(libc_a-ctype_.o)
 .ARM.attributes
                0x00000000000005ef       0x34 /Applications/STM32CubeIDE.app/Contents/Eclipse/plugins/com.st.stm32cube.ide.mcu.externaltools.gnu-tools-for-stm32.11.3.rel1.macos64_1.1.1.202309131626/tools/bin/../lib/gcc/arm-none-eabi/11.3.1/../../../../arm-none-eabi/lib/thumb/v7e-m+fp/hard/libc_nano.a(libc_a-nano-svfprintf.o)
 .ARM.attributes
                0x0000000000000623       0x34 /Applications/STM32CubeIDE.app/Contents/Eclipse/plugins/com.st.stm32cube.ide.mcu.externaltools.gnu-tools-for-stm32.11.3.rel1.macos64_1.1.1.202309131626/tools/bin/../lib/gcc/arm-none-eabi/11.3.1/../../../../arm-none-eabi/lib/thumb/v7e-m+fp/hard/libc_nano.a(libc_a-mallocr.o)
 .ARM.attributes
                0x0000000000000657       0x34 /Applications/STM32CubeIDE.app/Contents/Eclipse/plugins/com.st.stm32cube.ide.mcu.externaltools.gnu-tools-for-stm32.11.3.rel1.macos64_1.1.1.202309131626/tools/bin/../lib/gcc/arm-none-eabi/11.3.1/../../../../arm-none-eabi/lib/thumb/v7e-m+fp/hard/libc_nano.a(libc_a-nano-vfprintf_i.o)
 .ARM.attributes
                0x000000000000068b       0x34 /Applications/STM32CubeIDE.app/Contents/Eclipse/plugins/com.st.stm32cube.ide.mcu.externaltools.gnu-tools-for-stm32.11.3.rel1.macos64_1.1.1.202309131626/tools/bin/../lib/gcc/arm-none-eabi/11.3.1/../../../../arm-none-eabi/lib/thumb/v7e-m+fp/hard/libc_nano.a(libc_a-mlock.o)
 .ARM.attributes
                0x00000000000006bf       0x34 /Applications/STM32CubeIDE.app/Contents/Eclipse/plugins/com.st.stm32cube.ide.mcu.externaltools.gnu-tools-for-stm32.11.3.rel1.macos64_1.1.1.202309131626/tools/bin/../lib/gcc/arm-none-eabi/11.3.1/../../../../arm-none-eabi/lib/thumb/v7e-m+fp/hard/libc_nano.a(libc_a-reallocr.o)
 .ARM.attributes
                0x00000000000006f3       0x34 /Applications/STM32CubeIDE.app/Contents/Eclipse/plugins/com.st.stm32cube.ide.mcu.externaltools.gnu-tools-for-stm32.11.3.rel1.macos64_1.1.1.202309131626/tools/bin/../lib/gcc/arm-none-eabi/11.3.1/../../../../arm-none-eabi/lib/thumb/v7e-m+fp/hard/libc_nano.a(libc_a-memmove.o)
 .ARM.attributes
                0x0000000000000727       0x34 /Applications/STM32CubeIDE.app/Contents/Eclipse/plugins/com.st.stm32cube.ide.mcu.externaltools.gnu-tools-for-stm32.11.3.rel1.macos64_1.1.1.202309131626/tools/bin/../lib/gcc/arm-none-eabi/11.3.1/../../../../arm-none-eabi/lib/thumb/v7e-m+fp/hard/libc_nano.a(libc_a-reent.o)
 .ARM.attributes
                0x000000000000075b       0x34 /Applications/STM32CubeIDE.app/Contents/Eclipse/plugins/com.st.stm32cube.ide.mcu.externaltools.gnu-tools-for-stm32.11.3.rel1.macos64_1.1.1.202309131626/tools/bin/../lib/gcc/arm-none-eabi/11.3.1/../../../../arm-none-eabi/lib/thumb/v7e-m+fp/hard/libc_nano.a(libc_a-sbrkr.o)
 .ARM.attributes
                0x000000000000078f       0x1c /Applications/STM32CubeIDE.app/Contents/Eclipse/plugins/com.st.stm32cube.ide.mcu.externaltools.gnu-tools-for-stm32.11.3.rel1.macos64_1.1.1.202309131626/tools/bin/../lib/gcc/arm-none-eabi/11.3.1/../../../../arm-none-eabi/lib/thumb/v7e-m+fp/hard/libc_nano.a(libc_a-memchr.o)
 .ARM.attributes
                0x00000000000007ab       0x34 /Applications/STM32CubeIDE.app/Contents/Eclipse/plugins/com.st.stm32cube.ide.mcu.externaltools.gnu-tools-for-stm32.11.3.rel1.macos64_1.1.1.202309131626/tools/bin/../lib/gcc/arm-none-eabi/11.3.1/../../../../arm-none-eabi/lib/thumb/v7e-m+fp/hard/libc_nano.a(libc_a-memcpy-stub.o)
 .ARM.attributes
                0x00000000000007df       0x34 /Applications/STM32CubeIDE.app/Contents/Eclipse/plugins/com.st.stm32cube.ide.mcu.externaltools.gnu-tools-for-stm32.11.3.rel1.macos64_1.1.1.202309131626/tools/bin/../lib/gcc/arm-none-eabi/11.3.1/../../../../arm-none-eabi/lib/thumb/v7e-m+fp/hard/libc_nano.a(libc_a-freer.o)
 .ARM.attributes
                0x0000000000000813       0x34 /Applications/STM32CubeIDE.app/Contents/Eclipse/plugins/com.st.stm32cube.ide.mcu.externaltools.gnu-tools-for-stm32.11.3.rel1.macos64_1.1.1.202309131626/tools/bin/../lib/gcc/arm-none-eabi/11.3.1/../../../../arm-none-eabi/lib/thumb/v7e-m+fp/hard/libc_nano.a(libc_a-msizer.o)
 .ARM.attributes
                0x0000000000000847       0x1e /Applications/STM32CubeIDE.app/Contents/Eclipse/plugins/com.st.stm32cube.ide.mcu.externaltools.gnu-tools-for-stm32.11.3.rel1.macos64_1.1.1.202309131626/tools/bin/../lib/gcc/arm-none-eabi/11.3.1/thumb/v7e-m+fp/hard/libgcc.a(_aeabi_uldivmod.o)
 .ARM.attributes
                0x0000000000000865       0x34 /Applications/STM32CubeIDE.app/Contents/Eclipse/plugins/com.st.stm32cube.ide.mcu.externaltools.gnu-tools-for-stm32.11.3.rel1.macos64_1.1.1.202309131626/tools/bin/../lib/gcc/arm-none-eabi/11.3.1/thumb/v7e-m+fp/hard/libgcc.a(_udivmoddi4.o)
 .ARM.attributes
                0x0000000000000899       0x1e /Applications/STM32CubeIDE.app/Contents/Eclipse/plugins/com.st.stm32cube.ide.mcu.externaltools.gnu-tools-for-stm32.11.3.rel1.macos64_1.1.1.202309131626/tools/bin/../lib/gcc/arm-none-eabi/11.3.1/thumb/v7e-m+fp/hard/libgcc.a(_dvmd_tls.o)
 .ARM.attributes
                0x00000000000008b7       0x1e /Applications/STM32CubeIDE.app/Contents/Eclipse/plugins/com.st.stm32cube.ide.mcu.externaltools.gnu-tools-for-stm32.11.3.rel1.macos64_1.1.1.202309131626/tools/bin/../lib/gcc/arm-none-eabi/11.3.1/thumb/v7e-m+fp/hard/crtn.o
OUTPUT(dalecomir.elf elf32-littlearm)
LOAD linker stubs
LOAD /Applications/STM32CubeIDE.app/Contents/Eclipse/plugins/com.st.stm32cube.ide.mcu.externaltools.gnu-tools-for-stm32.11.3.rel1.macos64_1.1.1.202309131626/tools/bin/../lib/gcc/arm-none-eabi/11.3.1/../../../../arm-none-eabi/lib/thumb/v7e-m+fp/hard/libc.a
LOAD /Applications/STM32CubeIDE.app/Contents/Eclipse/plugins/com.st.stm32cube.ide.mcu.externaltools.gnu-tools-for-stm32.11.3.rel1.macos64_1.1.1.202309131626/tools/bin/../lib/gcc/arm-none-eabi/11.3.1/../../../../arm-none-eabi/lib/thumb/v7e-m+fp/hard/libm.a
LOAD /Applications/STM32CubeIDE.app/Contents/Eclipse/plugins/com.st.stm32cube.ide.mcu.externaltools.gnu-tools-for-stm32.11.3.rel1.macos64_1.1.1.202309131626/tools/bin/../lib/gcc/arm-none-eabi/11.3.1/thumb/v7e-m+fp/hard/libgcc.a

.comment        0x0000000000000000       0x43
 .comment       0x0000000000000000       0x43 /Applications/STM32CubeIDE.app/Contents/Eclipse/plugins/com.st.stm32cube.ide.mcu.externaltools.gnu-tools-for-stm32.11.3.rel1.macos64_1.1.1.202309131626/tools/bin/../lib/gcc/arm-none-eabi/11.3.1/thumb/v7e-m+fp/hard/crtbegin.o
                                         0x44 (size before relaxing)
 .comment       0x0000000000000043       0x44 ./Core/Src/gpio.o
 .comment       0x0000000000000043       0x44 ./Core/Src/lcd5110.o
 .comment       0x0000000000000043       0x44 ./Core/Src/lcd5110_hal.o
 .comment       0x0000000000000043       0x44 ./Core/Src/lcd5110_ll.o
 .comment       0x0000000000000043       0x44 ./Core/Src/main.o
 .comment       0x0000000000000043       0x44 ./Core/Src/spi.o
 .comment       0x0000000000000043       0x44 ./Core/Src/stm32f4xx_hal_msp.o
 .comment       0x0000000000000043       0x44 ./Core/Src/stm32f4xx_it.o
 .comment       0x0000000000000043       0x44 ./Core/Src/sysmem.o
 .comment       0x0000000000000043       0x44 ./Core/Src/system_stm32f4xx.o
 .comment       0x0000000000000043       0x44 ./Core/Src/tim.o
 .comment       0x0000000000000043       0x44 ./Drivers/STM32F4xx_HAL_Driver/Src/stm32f4xx_hal.o
 .comment       0x0000000000000043       0x44 ./Drivers/STM32F4xx_HAL_Driver/Src/stm32f4xx_hal_cortex.o
 .comment       0x0000000000000043       0x44 ./Drivers/STM32F4xx_HAL_Driver/Src/stm32f4xx_hal_dma.o
 .comment       0x0000000000000043       0x44 ./Drivers/STM32F4xx_HAL_Driver/Src/stm32f4xx_hal_gpio.o
 .comment       0x0000000000000043       0x44 ./Drivers/STM32F4xx_HAL_Driver/Src/stm32f4xx_hal_rcc.o
 .comment       0x0000000000000043       0x44 ./Drivers/STM32F4xx_HAL_Driver/Src/stm32f4xx_hal_spi.o
 .comment       0x0000000000000043       0x44 ./Drivers/STM32F4xx_HAL_Driver/Src/stm32f4xx_hal_tim.o
 .comment       0x0000000000000043       0x44 ./Drivers/STM32F4xx_HAL_Driver/Src/stm32f4xx_hal_tim_ex.o

.debug_info     0x0000000000000000     0xf0d9
 .debug_info    0x0000000000000000      0x618 ./Core/Src/gpio.o
 .debug_info    0x0000000000000618     0x1579 ./Core/Src/lcd5110.o
 .debug_info    0x0000000000001b91      0xa2f ./Core/Src/lcd5110_hal.o
 .debug_info    0x00000000000025c0      0xc6d ./Core/Src/lcd5110_ll.o
 .debug_info    0x000000000000322d     0x131b ./Core/Src/main.o
 .debug_info    0x0000000000004548      0xb56 ./Core/Src/spi.o
 .debug_info    0x000000000000509e      0x2a4 ./Core/Src/stm32f4xx_hal_msp.o
 .debug_info    0x0000000000005342      0x9da ./Core/Src/stm32f4xx_it.o
 .debug_info    0x0000000000005d1c      0x168 ./Core/Src/sysmem.o
 .debug_info    0x0000000000005e84      0x53e ./Core/Src/system_stm32f4xx.o
 .debug_info    0x00000000000063c2      0xabb ./Core/Src/tim.o
 .debug_info    0x0000000000006e7d       0x23 ./Core/Startup/startup_stm32f411vetx.o
 .debug_info    0x0000000000006ea0      0x8c4 ./Drivers/STM32F4xx_HAL_Driver/Src/stm32f4xx_hal.o
 .debug_info    0x0000000000007764      0xcb6 ./Drivers/STM32F4xx_HAL_Driver/Src/stm32f4xx_hal_cortex.o
 .debug_info    0x000000000000841a      0x8e6 ./Drivers/STM32F4xx_HAL_Driver/Src/stm32f4xx_hal_dma.o
 .debug_info    0x0000000000008d00      0x6f9 ./Drivers/STM32F4xx_HAL_Driver/Src/stm32f4xx_hal_gpio.o
 .debug_info    0x00000000000093f9      0x8f2 ./Drivers/STM32F4xx_HAL_Driver/Src/stm32f4xx_hal_rcc.o
 .debug_info    0x0000000000009ceb     0x1606 ./Drivers/STM32F4xx_HAL_Driver/Src/stm32f4xx_hal_spi.o
 .debug_info    0x000000000000b2f1     0x2941 ./Drivers/STM32F4xx_HAL_Driver/Src/stm32f4xx_hal_tim.o
 .debug_info    0x000000000000dc32     0x14a7 ./Drivers/STM32F4xx_HAL_Driver/Src/stm32f4xx_hal_tim_ex.o

.debug_abbrev   0x0000000000000000     0x2930
 .debug_abbrev  0x0000000000000000      0x173 ./Core/Src/gpio.o
 .debug_abbrev  0x0000000000000173      0x372 ./Core/Src/lcd5110.o
 .debug_abbrev  0x00000000000004e5      0x1e4 ./Core/Src/lcd5110_hal.o
 .debug_abbrev  0x00000000000006c9      0x264 ./Core/Src/lcd5110_ll.o
 .debug_abbrev  0x000000000000092d      0x3ac ./Core/Src/main.o
 .debug_abbrev  0x0000000000000cd9      0x210 ./Core/Src/spi.o
 .debug_abbrev  0x0000000000000ee9       0xf4 ./Core/Src/stm32f4xx_hal_msp.o
 .debug_abbrev  0x0000000000000fdd      0x1bc ./Core/Src/stm32f4xx_it.o
 .debug_abbrev  0x0000000000001199       0xbc ./Core/Src/sysmem.o
 .debug_abbrev  0x0000000000001255      0x11a ./Core/Src/system_stm32f4xx.o
 .debug_abbrev  0x000000000000136f      0x201 ./Core/Src/tim.o
 .debug_abbrev  0x0000000000001570       0x12 ./Core/Startup/startup_stm32f411vetx.o
 .debug_abbrev  0x0000000000001582      0x24b ./Drivers/STM32F4xx_HAL_Driver/Src/stm32f4xx_hal.o
 .debug_abbrev  0x00000000000017cd      0x327 ./Drivers/STM32F4xx_HAL_Driver/Src/stm32f4xx_hal_cortex.o
 .debug_abbrev  0x0000000000001af4      0x221 ./Drivers/STM32F4xx_HAL_Driver/Src/stm32f4xx_hal_dma.o
 .debug_abbrev  0x0000000000001d15      0x1d3 ./Drivers/STM32F4xx_HAL_Driver/Src/stm32f4xx_hal_gpio.o
 .debug_abbrev  0x0000000000001ee8      0x2b5 ./Drivers/STM32F4xx_HAL_Driver/Src/stm32f4xx_hal_rcc.o
 .debug_abbrev  0x000000000000219d      0x280 ./Drivers/STM32F4xx_HAL_Driver/Src/stm32f4xx_hal_spi.o
 .debug_abbrev  0x000000000000241d      0x284 ./Drivers/STM32F4xx_HAL_Driver/Src/stm32f4xx_hal_tim.o
 .debug_abbrev  0x00000000000026a1      0x28f ./Drivers/STM32F4xx_HAL_Driver/Src/stm32f4xx_hal_tim_ex.o

.debug_aranges  0x0000000000000000      0xeb8
 .debug_aranges
                0x0000000000000000       0x20 ./Core/Src/gpio.o
 .debug_aranges
                0x0000000000000020      0x120 ./Core/Src/lcd5110.o
 .debug_aranges
                0x0000000000000140       0x60 ./Core/Src/lcd5110_hal.o
 .debug_aranges
                0x00000000000001a0       0xc0 ./Core/Src/lcd5110_ll.o
 .debug_aranges
                0x0000000000000260       0x70 ./Core/Src/main.o
 .debug_aranges
                0x00000000000002d0       0x30 ./Core/Src/spi.o
 .debug_aranges
                0x0000000000000300       0x20 ./Core/Src/stm32f4xx_hal_msp.o
 .debug_aranges
                0x0000000000000320       0x78 ./Core/Src/stm32f4xx_it.o
 .debug_aranges
                0x0000000000000398       0x20 ./Core/Src/sysmem.o
 .debug_aranges
                0x00000000000003b8       0x28 ./Core/Src/system_stm32f4xx.o
 .debug_aranges
                0x00000000000003e0       0x30 ./Core/Src/tim.o
 .debug_aranges
                0x0000000000000410       0x28 ./Core/Startup/startup_stm32f411vetx.o
 .debug_aranges
                0x0000000000000438       0xf0 ./Drivers/STM32F4xx_HAL_Driver/Src/stm32f4xx_hal.o
 .debug_aranges
                0x0000000000000528      0x118 ./Drivers/STM32F4xx_HAL_Driver/Src/stm32f4xx_hal_cortex.o
 .debug_aranges
                0x0000000000000640       0x90 ./Drivers/STM32F4xx_HAL_Driver/Src/stm32f4xx_hal_dma.o
 .debug_aranges
                0x00000000000006d0       0x58 ./Drivers/STM32F4xx_HAL_Driver/Src/stm32f4xx_hal_gpio.o
 .debug_aranges
                0x0000000000000728       0x88 ./Drivers/STM32F4xx_HAL_Driver/Src/stm32f4xx_hal_rcc.o
 .debug_aranges
                0x00000000000007b0      0x1d0 ./Drivers/STM32F4xx_HAL_Driver/Src/stm32f4xx_hal_spi.o
 .debug_aranges
                0x0000000000000980      0x3d0 ./Drivers/STM32F4xx_HAL_Driver/Src/stm32f4xx_hal_tim.o
 .debug_aranges
                0x0000000000000d50      0x168 ./Drivers/STM32F4xx_HAL_Driver/Src/stm32f4xx_hal_tim_ex.o

.debug_rnglists
                0x0000000000000000      0xb3c
 .debug_rnglists
                0x0000000000000000       0x14 ./Core/Src/gpio.o
 .debug_rnglists
                0x0000000000000014       0xd9 ./Core/Src/lcd5110.o
 .debug_rnglists
                0x00000000000000ed       0x45 ./Core/Src/lcd5110_hal.o
 .debug_rnglists
                0x0000000000000132       0x8c ./Core/Src/lcd5110_ll.o
 .debug_rnglists
                0x00000000000001be       0x51 ./Core/Src/main.o
 .debug_rnglists
                0x000000000000020f       0x20 ./Core/Src/spi.o
 .debug_rnglists
                0x000000000000022f       0x13 ./Core/Src/stm32f4xx_hal_msp.o
 .debug_rnglists
                0x0000000000000242       0x55 ./Core/Src/stm32f4xx_it.o
 .debug_rnglists
                0x0000000000000297       0x13 ./Core/Src/sysmem.o
 .debug_rnglists
                0x00000000000002aa       0x1a ./Core/Src/system_stm32f4xx.o
 .debug_rnglists
                0x00000000000002c4       0x1f ./Core/Src/tim.o
 .debug_rnglists
                0x00000000000002e3       0x19 ./Core/Startup/startup_stm32f411vetx.o
 .debug_rnglists
                0x00000000000002fc       0xaf ./Drivers/STM32F4xx_HAL_Driver/Src/stm32f4xx_hal.o
 .debug_rnglists
                0x00000000000003ab       0xce ./Drivers/STM32F4xx_HAL_Driver/Src/stm32f4xx_hal_cortex.o
 .debug_rnglists
                0x0000000000000479       0x70 ./Drivers/STM32F4xx_HAL_Driver/Src/stm32f4xx_hal_dma.o
 .debug_rnglists
                0x00000000000004e9       0x3f ./Drivers/STM32F4xx_HAL_Driver/Src/stm32f4xx_hal_gpio.o
 .debug_rnglists
                0x0000000000000528       0x66 ./Drivers/STM32F4xx_HAL_Driver/Src/stm32f4xx_hal_rcc.o
 .debug_rnglists
                0x000000000000058e      0x16f ./Drivers/STM32F4xx_HAL_Driver/Src/stm32f4xx_hal_spi.o
 .debug_rnglists
                0x00000000000006fd      0x31a ./Drivers/STM32F4xx_HAL_Driver/Src/stm32f4xx_hal_tim.o
 .debug_rnglists
                0x0000000000000a17      0x125 ./Drivers/STM32F4xx_HAL_Driver/Src/stm32f4xx_hal_tim_ex.o

.debug_macro    0x0000000000000000    0x17881
 .debug_macro   0x0000000000000000      0x1e7 ./Core/Src/gpio.o
 .debug_macro   0x00000000000001e7      0xaa8 ./Core/Src/gpio.o
 .debug_macro   0x0000000000000c8f      0x29b ./Core/Src/gpio.o
 .debug_macro   0x0000000000000f2a       0x2e ./Core/Src/gpio.o
 .debug_macro   0x0000000000000f58       0x28 ./Core/Src/gpio.o
 .debug_macro   0x0000000000000f80       0x22 ./Core/Src/gpio.o
 .debug_macro   0x0000000000000fa2       0x8e ./Core/Src/gpio.o
 .debug_macro   0x0000000000001030       0x51 ./Core/Src/gpio.o
 .debug_macro   0x0000000000001081      0x103 ./Core/Src/gpio.o
 .debug_macro   0x0000000000001184       0x6a ./Core/Src/gpio.o
 .debug_macro   0x00000000000011ee      0x1df ./Core/Src/gpio.o
 .debug_macro   0x00000000000013cd       0x1c ./Core/Src/gpio.o
 .debug_macro   0x00000000000013e9       0x22 ./Core/Src/gpio.o
 .debug_macro   0x000000000000140b       0xd9 ./Core/Src/gpio.o
 .debug_macro   0x00000000000014e4     0x102d ./Core/Src/gpio.o
 .debug_macro   0x0000000000002511      0x11f ./Core/Src/gpio.o
 .debug_macro   0x0000000000002630     0xb953 ./Core/Src/gpio.o
 .debug_macro   0x000000000000df83       0x6d ./Core/Src/gpio.o
 .debug_macro   0x000000000000dff0     0x367e ./Core/Src/gpio.o
 .debug_macro   0x000000000001166e      0x174 ./Core/Src/gpio.o
 .debug_macro   0x00000000000117e2       0x5c ./Core/Src/gpio.o
 .debug_macro   0x000000000001183e      0x447 ./Core/Src/gpio.o
 .debug_macro   0x0000000000011c85      0x9fe ./Core/Src/gpio.o
 .debug_macro   0x0000000000012683      0x115 ./Core/Src/gpio.o
 .debug_macro   0x0000000000012798      0x11b ./Core/Src/gpio.o
 .debug_macro   0x00000000000128b3       0xa5 ./Core/Src/gpio.o
 .debug_macro   0x0000000000012958      0x15f ./Core/Src/gpio.o
 .debug_macro   0x0000000000012ab7      0x287 ./Core/Src/gpio.o
 .debug_macro   0x0000000000012d3e       0x5f ./Core/Src/gpio.o
 .debug_macro   0x0000000000012d9d      0x236 ./Core/Src/gpio.o
 .debug_macro   0x0000000000012fd3      0x132 ./Core/Src/gpio.o
 .debug_macro   0x0000000000013105      0x264 ./Core/Src/gpio.o
 .debug_macro   0x0000000000013369       0x2e ./Core/Src/gpio.o
 .debug_macro   0x0000000000013397      0x11a ./Core/Src/gpio.o
 .debug_macro   0x00000000000134b1       0x85 ./Core/Src/gpio.o
 .debug_macro   0x0000000000013536       0x89 ./Core/Src/gpio.o
 .debug_macro   0x00000000000135bf      0x225 ./Core/Src/gpio.o
 .debug_macro   0x00000000000137e4      0x8e6 ./Core/Src/gpio.o
 .debug_macro   0x00000000000140ca       0x47 ./Core/Src/gpio.o
 .debug_macro   0x0000000000014111      0x126 ./Core/Src/gpio.o
 .debug_macro   0x0000000000014237       0x46 ./Core/Src/gpio.o
 .debug_macro   0x000000000001427d      0x355 ./Core/Src/lcd5110.o
 .debug_macro   0x00000000000145d2       0x22 ./Core/Src/lcd5110.o
 .debug_macro   0x00000000000145f4       0x28 ./Core/Src/lcd5110.o
 .debug_macro   0x000000000001461c       0x61 ./Core/Src/lcd5110.o
 .debug_macro   0x000000000001467d      0x369 ./Core/Src/lcd5110.o
 .debug_macro   0x00000000000149e6       0x7c ./Core/Src/lcd5110.o
 .debug_macro   0x0000000000014a62       0x17 ./Core/Src/lcd5110.o
 .debug_macro   0x0000000000014a79      0x118 ./Core/Src/lcd5110.o
 .debug_macro   0x0000000000014b91       0x2a ./Core/Src/lcd5110.o
 .debug_macro   0x0000000000014bbb       0x43 ./Core/Src/lcd5110.o
 .debug_macro   0x0000000000014bfe       0x34 ./Core/Src/lcd5110.o
 .debug_macro   0x0000000000014c32       0x16 ./Core/Src/lcd5110.o
 .debug_macro   0x0000000000014c48       0x43 ./Core/Src/lcd5110.o
 .debug_macro   0x0000000000014c8b       0x34 ./Core/Src/lcd5110.o
 .debug_macro   0x0000000000014cbf       0x10 ./Core/Src/lcd5110.o
 .debug_macro   0x0000000000014ccf       0x58 ./Core/Src/lcd5110.o
 .debug_macro   0x0000000000014d27       0x8e ./Core/Src/lcd5110.o
 .debug_macro   0x0000000000014db5       0x1c ./Core/Src/lcd5110.o
 .debug_macro   0x0000000000014dd1      0x177 ./Core/Src/lcd5110.o
 .debug_macro   0x0000000000014f48      0x19b ./Core/Src/lcd5110.o
 .debug_macro   0x00000000000150e3      0x119 ./Core/Src/lcd5110.o
 .debug_macro   0x00000000000151fc       0x58 ./Core/Src/lcd5110.o
 .debug_macro   0x0000000000015254       0x1c ./Core/Src/lcd5110.o
 .debug_macro   0x0000000000015270       0x35 ./Core/Src/lcd5110.o
 .debug_macro   0x00000000000152a5       0x1c ./Core/Src/lcd5110.o
 .debug_macro   0x00000000000152c1       0x16 ./Core/Src/lcd5110.o
 .debug_macro   0x00000000000152d7      0x147 ./Core/Src/lcd5110.o
 .debug_macro   0x000000000001541e      0x213 ./Core/Src/lcd5110_hal.o
 .debug_macro   0x0000000000015631      0x346 ./Core/Src/lcd5110_ll.o
 .debug_macro   0x0000000000015977       0x16 ./Core/Src/lcd5110_ll.o
 .debug_macro   0x000000000001598d       0x10 ./Core/Src/lcd5110_ll.o
 .debug_macro   0x000000000001599d       0x16 ./Core/Src/lcd5110_ll.o
 .debug_macro   0x00000000000159b3      0x323 ./Core/Src/main.o
 .debug_macro   0x0000000000015cd6      0x1e7 ./Core/Src/spi.o
 .debug_macro   0x0000000000015ebd      0x1dd ./Core/Src/stm32f4xx_hal_msp.o
 .debug_macro   0x000000000001609a      0x1e7 ./Core/Src/stm32f4xx_it.o
 .debug_macro   0x0000000000016281       0xff ./Core/Src/sysmem.o
 .debug_macro   0x0000000000016380      0x23c ./Core/Src/sysmem.o
 .debug_macro   0x00000000000165bc      0x1ce ./Core/Src/system_stm32f4xx.o
 .debug_macro   0x000000000001678a      0x1e7 ./Core/Src/tim.o
 .debug_macro   0x0000000000016971      0x22e ./Drivers/STM32F4xx_HAL_Driver/Src/stm32f4xx_hal.o
 .debug_macro   0x0000000000016b9f      0x1ce ./Drivers/STM32F4xx_HAL_Driver/Src/stm32f4xx_hal_cortex.o
 .debug_macro   0x0000000000016d6d      0x1d4 ./Drivers/STM32F4xx_HAL_Driver/Src/stm32f4xx_hal_dma.o
 .debug_macro   0x0000000000016f41      0x1d4 ./Drivers/STM32F4xx_HAL_Driver/Src/stm32f4xx_hal_gpio.o
 .debug_macro   0x0000000000017115      0x1f2 ./Drivers/STM32F4xx_HAL_Driver/Src/stm32f4xx_hal_rcc.o
 .debug_macro   0x0000000000017307      0x1dd ./Drivers/STM32F4xx_HAL_Driver/Src/stm32f4xx_hal_spi.o
 .debug_macro   0x00000000000174e4      0x1cf ./Drivers/STM32F4xx_HAL_Driver/Src/stm32f4xx_hal_tim.o
 .debug_macro   0x00000000000176b3      0x1ce ./Drivers/STM32F4xx_HAL_Driver/Src/stm32f4xx_hal_tim_ex.o

.debug_line     0x0000000000000000    0x10893
 .debug_line    0x0000000000000000      0x713 ./Core/Src/gpio.o
 .debug_line    0x0000000000000713     0x109d ./Core/Src/lcd5110.o
 .debug_line    0x00000000000017b0      0x969 ./Core/Src/lcd5110_hal.o
 .debug_line    0x0000000000002119      0xada ./Core/Src/lcd5110_ll.o
 .debug_line    0x0000000000002bf3      0xabd ./Core/Src/main.o
 .debug_line    0x00000000000036b0      0x74f ./Core/Src/spi.o
 .debug_line    0x0000000000003dff      0x6dc ./Core/Src/stm32f4xx_hal_msp.o
 .debug_line    0x00000000000044db      0x7e5 ./Core/Src/stm32f4xx_it.o
 .debug_line    0x0000000000004cc0      0x512 ./Core/Src/sysmem.o
 .debug_line    0x00000000000051d2      0x75c ./Core/Src/system_stm32f4xx.o
 .debug_line    0x000000000000592e      0x728 ./Core/Src/tim.o
 .debug_line    0x0000000000006056       0x7a ./Core/Startup/startup_stm32f411vetx.o
 .debug_line    0x00000000000060d0      0x9c2 ./Drivers/STM32F4xx_HAL_Driver/Src/stm32f4xx_hal.o
 .debug_line    0x0000000000006a92      0xc71 ./Drivers/STM32F4xx_HAL_Driver/Src/stm32f4xx_hal_cortex.o
 .debug_line    0x0000000000007703      0xf26 ./Drivers/STM32F4xx_HAL_Driver/Src/stm32f4xx_hal_dma.o
 .debug_line    0x0000000000008629      0xafa ./Drivers/STM32F4xx_HAL_Driver/Src/stm32f4xx_hal_gpio.o
 .debug_line    0x0000000000009123      0xd3b ./Drivers/STM32F4xx_HAL_Driver/Src/stm32f4xx_hal_rcc.o
 .debug_line    0x0000000000009e5e     0x1c53 ./Drivers/STM32F4xx_HAL_Driver/Src/stm32f4xx_hal_spi.o
 .debug_line    0x000000000000bab1     0x3488 ./Drivers/STM32F4xx_HAL_Driver/Src/stm32f4xx_hal_tim.o
 .debug_line    0x000000000000ef39     0x195a ./Drivers/STM32F4xx_HAL_Driver/Src/stm32f4xx_hal_tim_ex.o

.debug_str      0x0000000000000000    0x8f593
 .debug_str     0x0000000000000000    0x864f8 ./Core/Src/gpio.o
                                      0x86795 (size before relaxing)
 .debug_str     0x00000000000864f8     0x5558 ./Core/Src/lcd5110.o
                                      0x8b8e3 (size before relaxing)
 .debug_str     0x000000000008ba50       0x91 ./Core/Src/lcd5110_hal.o
                                      0x86882 (size before relaxing)
 .debug_str     0x000000000008bae1      0x4cd ./Core/Src/lcd5110_ll.o
                                      0x8a425 (size before relaxing)
 .debug_str     0x000000000008bfae      0x616 ./Core/Src/main.o
                                      0x8a84c (size before relaxing)
 .debug_str     0x000000000008c5c4       0x6f ./Core/Src/spi.o
                                      0x86c35 (size before relaxing)
 .debug_str     0x000000000008c633       0x49 ./Core/Src/stm32f4xx_hal_msp.o
                                      0x8631f (size before relaxing)
 .debug_str     0x000000000008c67c      0x146 ./Core/Src/stm32f4xx_it.o
                                      0x86a37 (size before relaxing)
 .debug_str     0x000000000008c7c2      0x4dc ./Core/Src/sysmem.o
                                       0x6055 (size before relaxing)
 .debug_str     0x000000000008cc9e       0xdb ./Core/Src/system_stm32f4xx.o
                                      0x862af (size before relaxing)
 .debug_str     0x000000000008cd79       0x5f ./Core/Src/tim.o
                                      0x86c98 (size before relaxing)
 .debug_str     0x000000000008cdd8       0x34 ./Core/Startup/startup_stm32f411vetx.o
                                         0x67 (size before relaxing)
 .debug_str     0x000000000008ce0c      0x5e6 ./Drivers/STM32F4xx_HAL_Driver/Src/stm32f4xx_hal.o
                                      0x86cdb (size before relaxing)
 .debug_str     0x000000000008d3f2      0x32d ./Drivers/STM32F4xx_HAL_Driver/Src/stm32f4xx_hal_cortex.o
                                      0x869fc (size before relaxing)
 .debug_str     0x000000000008d71f      0x315 ./Drivers/STM32F4xx_HAL_Driver/Src/stm32f4xx_hal_dma.o
                                      0x866b7 (size before relaxing)
 .debug_str     0x000000000008da34       0xe3 ./Drivers/STM32F4xx_HAL_Driver/Src/stm32f4xx_hal_gpio.o
                                      0x8642a (size before relaxing)
 .debug_str     0x000000000008db17      0x233 ./Drivers/STM32F4xx_HAL_Driver/Src/stm32f4xx_hal_rcc.o
                                      0x866e3 (size before relaxing)
 .debug_str     0x000000000008dd4a      0x54e ./Drivers/STM32F4xx_HAL_Driver/Src/stm32f4xx_hal_spi.o
                                      0x86b61 (size before relaxing)
 .debug_str     0x000000000008e298      0xdf8 ./Drivers/STM32F4xx_HAL_Driver/Src/stm32f4xx_hal_tim.o
                                      0x87617 (size before relaxing)
 .debug_str     0x000000000008f090      0x503 ./Drivers/STM32F4xx_HAL_Driver/Src/stm32f4xx_hal_tim_ex.o
                                      0x86e33 (size before relaxing)

.debug_frame    0x0000000000000000     0x41b8
 .debug_frame   0x0000000000000000       0x34 ./Core/Src/gpio.o
 .debug_frame   0x0000000000000034      0x508 ./Core/Src/lcd5110.o
 .debug_frame   0x000000000000053c      0x160 ./Core/Src/lcd5110_hal.o
 .debug_frame   0x000000000000069c      0x308 ./Core/Src/lcd5110_ll.o
 .debug_frame   0x00000000000009a4      0x17c ./Core/Src/main.o
 .debug_frame   0x0000000000000b20       0x74 ./Core/Src/spi.o
 .debug_frame   0x0000000000000b94       0x34 ./Core/Src/stm32f4xx_hal_msp.o
 .debug_frame   0x0000000000000bc8      0x158 ./Core/Src/stm32f4xx_it.o
 .debug_frame   0x0000000000000d20       0x34 ./Core/Src/sysmem.o
 .debug_frame   0x0000000000000d54       0x58 ./Core/Src/system_stm32f4xx.o
 .debug_frame   0x0000000000000dac       0x74 ./Core/Src/tim.o
 .debug_frame   0x0000000000000e20      0x374 ./Drivers/STM32F4xx_HAL_Driver/Src/stm32f4xx_hal.o
 .debug_frame   0x0000000000001194      0x498 ./Drivers/STM32F4xx_HAL_Driver/Src/stm32f4xx_hal_cortex.o
 .debug_frame   0x000000000000162c      0x250 ./Drivers/STM32F4xx_HAL_Driver/Src/stm32f4xx_hal_dma.o
 .debug_frame   0x000000000000187c      0x14c ./Drivers/STM32F4xx_HAL_Driver/Src/stm32f4xx_hal_gpio.o
 .debug_frame   0x00000000000019c8      0x1f4 ./Drivers/STM32F4xx_HAL_Driver/Src/stm32f4xx_hal_rcc.o
 .debug_frame   0x0000000000001bbc      0x824 ./Drivers/STM32F4xx_HAL_Driver/Src/stm32f4xx_hal_spi.o
 .debug_frame   0x00000000000023e0     0x11bc ./Drivers/STM32F4xx_HAL_Driver/Src/stm32f4xx_hal_tim.o
 .debug_frame   0x000000000000359c      0x638 ./Drivers/STM32F4xx_HAL_Driver/Src/stm32f4xx_hal_tim_ex.o
 .debug_frame   0x0000000000003bd4       0x6c /Applications/STM32CubeIDE.app/Contents/Eclipse/plugins/com.st.stm32cube.ide.mcu.externaltools.gnu-tools-for-stm32.11.3.rel1.macos64_1.1.1.202309131626/tools/bin/../lib/gcc/arm-none-eabi/11.3.1/../../../../arm-none-eabi/lib/thumb/v7e-m+fp/hard/libc_nano.a(libc_a-sprintf.o)
 .debug_frame   0x0000000000003c40      0x144 /Applications/STM32CubeIDE.app/Contents/Eclipse/plugins/com.st.stm32cube.ide.mcu.externaltools.gnu-tools-for-stm32.11.3.rel1.macos64_1.1.1.202309131626/tools/bin/../lib/gcc/arm-none-eabi/11.3.1/../../../../arm-none-eabi/lib/thumb/v7e-m+fp/hard/libc_nano.a(libc_a-findfp.o)
 .debug_frame   0x0000000000003d84       0x20 /Applications/STM32CubeIDE.app/Contents/Eclipse/plugins/com.st.stm32cube.ide.mcu.externaltools.gnu-tools-for-stm32.11.3.rel1.macos64_1.1.1.202309131626/tools/bin/../lib/gcc/arm-none-eabi/11.3.1/../../../../arm-none-eabi/lib/thumb/v7e-m+fp/hard/libc_nano.a(libc_a-memset.o)
 .debug_frame   0x0000000000003da4       0x20 /Applications/STM32CubeIDE.app/Contents/Eclipse/plugins/com.st.stm32cube.ide.mcu.externaltools.gnu-tools-for-stm32.11.3.rel1.macos64_1.1.1.202309131626/tools/bin/../lib/gcc/arm-none-eabi/11.3.1/../../../../arm-none-eabi/lib/thumb/v7e-m+fp/hard/libc_nano.a(libc_a-errno.o)
 .debug_frame   0x0000000000003dc4       0x2c /Applications/STM32CubeIDE.app/Contents/Eclipse/plugins/com.st.stm32cube.ide.mcu.externaltools.gnu-tools-for-stm32.11.3.rel1.macos64_1.1.1.202309131626/tools/bin/../lib/gcc/arm-none-eabi/11.3.1/../../../../arm-none-eabi/lib/thumb/v7e-m+fp/hard/libc_nano.a(libc_a-init.o)
 .debug_frame   0x0000000000003df0       0xb0 /Applications/STM32CubeIDE.app/Contents/Eclipse/plugins/com.st.stm32cube.ide.mcu.externaltools.gnu-tools-for-stm32.11.3.rel1.macos64_1.1.1.202309131626/tools/bin/../lib/gcc/arm-none-eabi/11.3.1/../../../../arm-none-eabi/lib/thumb/v7e-m+fp/hard/libc_nano.a(libc_a-lock.o)
 .debug_frame   0x0000000000003ea0       0x90 /Applications/STM32CubeIDE.app/Contents/Eclipse/plugins/com.st.stm32cube.ide.mcu.externaltools.gnu-tools-for-stm32.11.3.rel1.macos64_1.1.1.202309131626/tools/bin/../lib/gcc/arm-none-eabi/11.3.1/../../../../arm-none-eabi/lib/thumb/v7e-m+fp/hard/libc_nano.a(libc_a-nano-svfprintf.o)
 .debug_frame   0x0000000000003f30       0x50 /Applications/STM32CubeIDE.app/Contents/Eclipse/plugins/com.st.stm32cube.ide.mcu.externaltools.gnu-tools-for-stm32.11.3.rel1.macos64_1.1.1.202309131626/tools/bin/../lib/gcc/arm-none-eabi/11.3.1/../../../../arm-none-eabi/lib/thumb/v7e-m+fp/hard/libc_nano.a(libc_a-mallocr.o)
 .debug_frame   0x0000000000003f80       0x60 /Applications/STM32CubeIDE.app/Contents/Eclipse/plugins/com.st.stm32cube.ide.mcu.externaltools.gnu-tools-for-stm32.11.3.rel1.macos64_1.1.1.202309131626/tools/bin/../lib/gcc/arm-none-eabi/11.3.1/../../../../arm-none-eabi/lib/thumb/v7e-m+fp/hard/libc_nano.a(libc_a-nano-vfprintf_i.o)
 .debug_frame   0x0000000000003fe0       0x30 /Applications/STM32CubeIDE.app/Contents/Eclipse/plugins/com.st.stm32cube.ide.mcu.externaltools.gnu-tools-for-stm32.11.3.rel1.macos64_1.1.1.202309131626/tools/bin/../lib/gcc/arm-none-eabi/11.3.1/../../../../arm-none-eabi/lib/thumb/v7e-m+fp/hard/libc_nano.a(libc_a-mlock.o)
 .debug_frame   0x0000000000004010       0x3c /Applications/STM32CubeIDE.app/Contents/Eclipse/plugins/com.st.stm32cube.ide.mcu.externaltools.gnu-tools-for-stm32.11.3.rel1.macos64_1.1.1.202309131626/tools/bin/../lib/gcc/arm-none-eabi/11.3.1/../../../../arm-none-eabi/lib/thumb/v7e-m+fp/hard/libc_nano.a(libc_a-reallocr.o)
 .debug_frame   0x000000000000404c       0x28 /Applications/STM32CubeIDE.app/Contents/Eclipse/plugins/com.st.stm32cube.ide.mcu.externaltools.gnu-tools-for-stm32.11.3.rel1.macos64_1.1.1.202309131626/tools/bin/../lib/gcc/arm-none-eabi/11.3.1/../../../../arm-none-eabi/lib/thumb/v7e-m+fp/hard/libc_nano.a(libc_a-memmove.o)
 .debug_frame   0x0000000000004074       0x38 /Applications/STM32CubeIDE.app/Contents/Eclipse/plugins/com.st.stm32cube.ide.mcu.externaltools.gnu-tools-for-stm32.11.3.rel1.macos64_1.1.1.202309131626/tools/bin/../lib/gcc/arm-none-eabi/11.3.1/../../../../arm-none-eabi/lib/thumb/v7e-m+fp/hard/libc_nano.a(libc_a-reent.o)
 .debug_frame   0x00000000000040ac       0x2c /Applications/STM32CubeIDE.app/Contents/Eclipse/plugins/com.st.stm32cube.ide.mcu.externaltools.gnu-tools-for-stm32.11.3.rel1.macos64_1.1.1.202309131626/tools/bin/../lib/gcc/arm-none-eabi/11.3.1/../../../../arm-none-eabi/lib/thumb/v7e-m+fp/hard/libc_nano.a(libc_a-sbrkr.o)
 .debug_frame   0x00000000000040d8       0x28 /Applications/STM32CubeIDE.app/Contents/Eclipse/plugins/com.st.stm32cube.ide.mcu.externaltools.gnu-tools-for-stm32.11.3.rel1.macos64_1.1.1.202309131626/tools/bin/../lib/gcc/arm-none-eabi/11.3.1/../../../../arm-none-eabi/lib/thumb/v7e-m+fp/hard/libc_nano.a(libc_a-memcpy-stub.o)
 .debug_frame   0x0000000000004100       0x38 /Applications/STM32CubeIDE.app/Contents/Eclipse/plugins/com.st.stm32cube.ide.mcu.externaltools.gnu-tools-for-stm32.11.3.rel1.macos64_1.1.1.202309131626/tools/bin/../lib/gcc/arm-none-eabi/11.3.1/../../../../arm-none-eabi/lib/thumb/v7e-m+fp/hard/libc_nano.a(libc_a-freer.o)
 .debug_frame   0x0000000000004138       0x20 /Applications/STM32CubeIDE.app/Contents/Eclipse/plugins/com.st.stm32cube.ide.mcu.externaltools.gnu-tools-for-stm32.11.3.rel1.macos64_1.1.1.202309131626/tools/bin/../lib/gcc/arm-none-eabi/11.3.1/../../../../arm-none-eabi/lib/thumb/v7e-m+fp/hard/libc_nano.a(libc_a-msizer.o)
 .debug_frame   0x0000000000004158       0x2c /Applications/STM32CubeIDE.app/Contents/Eclipse/plugins/com.st.stm32cube.ide.mcu.externaltools.gnu-tools-for-stm32.11.3.rel1.macos64_1.1.1.202309131626/tools/bin/../lib/gcc/arm-none-eabi/11.3.1/thumb/v7e-m+fp/hard/libgcc.a(_aeabi_uldivmod.o)
 .debug_frame   0x0000000000004184       0x34 /Applications/STM32CubeIDE.app/Contents/Eclipse/plugins/com.st.stm32cube.ide.mcu.externaltools.gnu-tools-for-stm32.11.3.rel1.macos64_1.1.1.202309131626/tools/bin/../lib/gcc/arm-none-eabi/11.3.1/thumb/v7e-m+fp/hard/libgcc.a(_udivmoddi4.o)

.debug_line_str
                0x0000000000000000       0x5b
 .debug_line_str
                0x0000000000000000       0x5b ./Core/Startup/startup_stm32f411vetx.o
                                         0x73 (size before relaxing)
